
 Start         Length     Name                   Class
 0001:00000000 0006DF70H .text                   CODE
 0002:00000000 00001144H .data                   DATA
 0002:00001144 00000D0DH .bss                    BSS


Detailed map of segments

 0001:00000000 000055DB C=CODE     S=.text    G=(none)   M=System   ACBP=A9
 0001:000055DC 00000140 C=CODE     S=.text    G=(none)   M=SysInit  ACBP=A9
 0001:0000571C 000000D4 C=CODE     S=.text    G=(none)   M=Types    ACBP=A9
 0001:000057F0 00000BB0 C=CODE     S=.text    G=(none)   M=Windows  ACBP=A9
 0001:000063A0 00000038 C=CODE     S=.text    G=(none)   M=Messages ACBP=A9
 0001:000063D8 00000320 C=CODE     S=.text    G=(none)   M=SysConst ACBP=A9
 0001:000066F8 00007398 C=CODE     S=.text    G=(none)   M=SysUtils ACBP=A9
 0001:0000DA90 00000A83 C=CODE     S=.text    G=(none)   M=VarUtils ACBP=A9
 0001:0000E514 0000A5E2 C=CODE     S=.text    G=(none)   M=Variants ACBP=A9
 0001:00018AF8 00000120 C=CODE     S=.text    G=(none)   M=RTLConsts ACBP=A9
 0001:00018C18 00000FDC C=CODE     S=.text    G=(none)   M=TypInfo  ACBP=A9
 0001:00019BF4 00000038 C=CODE     S=.text    G=(none)   M=ActiveX  ACBP=A9
 0001:00019C2C 0000DA02 C=CODE     S=.text    G=(none)   M=Classes  ACBP=A9
 0001:00027630 00000270 C=CODE     S=.text    G=(none)   M=Consts   ACBP=A9
 0001:000278A0 0000A5E7 C=CODE     S=.text    G=(none)   M=Graphics ACBP=A9
 0001:00031E88 00000090 C=CODE     S=.text    G=(none)   M=Math     ACBP=A9
 0001:00031F18 00000378 C=CODE     S=.text    G=(none)   M=Contnrs  ACBP=A9
 0001:00032290 00000110 C=CODE     S=.text    G=(none)   M=CommCtrl ACBP=A9
 0001:000323A0 0000087F C=CODE     S=.text    G=(none)   M=MultiMon ACBP=A9
 0001:00032C20 00000038 C=CODE     S=.text    G=(none)   M=Imm      ACBP=A9
 0001:00032C58 000012B8 C=CODE     S=.text    G=(none)   M=HelpIntfs ACBP=A9
 0001:00033F10 00000038 C=CODE     S=.text    G=(none)   M=WinSpool ACBP=A9
 0001:00033F48 00000044 C=CODE     S=.text    G=(none)   M=Printers ACBP=A9
 0001:00033F8C 0000036B C=CODE     S=.text    G=(none)   M=FlatSB   ACBP=A9
 0001:000342F8 000043C4 C=CODE     S=.text    G=(none)   M=StdCtrls ACBP=A9
 0001:000386BC 00000038 C=CODE     S=.text    G=(none)   M=ShellAPI ACBP=A9
 0001:000386F4 00000038 C=CODE     S=.text    G=(none)   M=RegStr   ACBP=A9
 0001:0003872C 00000038 C=CODE     S=.text    G=(none)   M=WinInet  ACBP=A9
 0001:00038764 00000038 C=CODE     S=.text    G=(none)   M=UrlMon   ACBP=A9
 0001:0003879C 00000038 C=CODE     S=.text    G=(none)   M=ShlObj   ACBP=A9
 0001:000387D4 00000038 C=CODE     S=.text    G=(none)   M=CommDlg  ACBP=A9
 0001:0003880C 00001118 C=CODE     S=.text    G=(none)   M=ExtCtrls ACBP=A9
 0001:00039924 00000038 C=CODE     S=.text    G=(none)   M=Dlgs     ACBP=A9
 0001:0003995C 000014F1 C=CODE     S=.text    G=(none)   M=Dialogs  ACBP=A9
 0001:0003AE50 00000098 C=CODE     S=.text    G=(none)   M=Clipbrd  ACBP=A9
 0001:0003AEE8 00000038 C=CODE     S=.text    G=(none)   M=StrUtils ACBP=A9
 0001:0003AF20 0000017C C=CODE     S=.text    G=(none)   M=StdActns ACBP=A9
 0001:0003B09C 00000E48 C=CODE     S=.text    G=(none)   M=WinHelpViewer ACBP=A9
 0001:0003BEE4 00014823 C=CODE     S=.text    G=(none)   M=Controls ACBP=A9
 0001:00050708 000018F2 C=CODE     S=.text    G=(none)   M=ActnList ACBP=A9
 0001:00051FFC 00001A0C C=CODE     S=.text    G=(none)   M=ImgList  ACBP=A9
 0001:00053A08 0000788D C=CODE     S=.text    G=(none)   M=Menus    ACBP=A9
 0001:0005B298 0000F13C C=CODE     S=.text    G=(none)   M=Forms    ACBP=A9
 0001:0006A3D4 000009A0 C=CODE     S=.text    G=(none)   M=machineunit ACBP=A9
 0001:0006AD74 000021FC C=CODE     S=.text    G=(none)   M=bevunit  ACBP=A9
 0001:0006CF70 00000684 C=CODE     S=.text    G=(none)   M=inventoryunit ACBP=A9
 0001:0006D5F4 0000076C C=CODE     S=.text    G=(none)   M=vendmainunit ACBP=A9
 0001:0006DD60 0000020D C=CODE     S=.text    G=(none)   M=vendingmachine ACBP=A9
 0002:00000000 0000008C C=DATA     S=.data    G=DGROUP   M=System   ACBP=A9
 0002:0000008C 00000018 C=DATA     S=.data    G=DGROUP   M=SysInit  ACBP=A9
 0002:000000A4 00000254 C=DATA     S=.data    G=DGROUP   M=SysUtils ACBP=A9
 0002:000002F8 00000110 C=DATA     S=.data    G=DGROUP   M=VarUtils ACBP=A9
 0002:00000408 00000186 C=DATA     S=.data    G=DGROUP   M=Variants ACBP=A9
 0002:00000590 0000000C C=DATA     S=.data    G=DGROUP   M=TypInfo  ACBP=A9
 0002:0000059C 00000064 C=DATA     S=.data    G=DGROUP   M=Classes  ACBP=A9
 0002:00000600 00000304 C=DATA     S=.data    G=DGROUP   M=Graphics ACBP=A9
 0002:00000904 00000004 C=DATA     S=.data    G=DGROUP   M=Printers ACBP=A9
 0002:00000908 0000005C C=DATA     S=.data    G=DGROUP   M=StdCtrls ACBP=A9
 0002:00000964 000000B4 C=DATA     S=.data    G=DGROUP   M=Dialogs  ACBP=A9
 0002:00000A18 0000013C C=DATA     S=.data    G=DGROUP   M=Controls ACBP=A9
 0002:00000B54 00000020 C=DATA     S=.data    G=DGROUP   M=ImgList  ACBP=A9
 0002:00000B74 000000EC C=DATA     S=.data    G=DGROUP   M=Menus    ACBP=A9
 0002:00000C60 00000124 C=DATA     S=.data    G=DGROUP   M=Forms    ACBP=A9
 0002:00002000 00000708 C=BSS      S=.bss     G=DGROUP   M=System   ACBP=A9
 0002:00002708 00000018 C=BSS      S=.bss     G=DGROUP   M=SysInit  ACBP=A9
 0002:00002720 00000004 C=BSS      S=.bss     G=DGROUP   M=Types    ACBP=A9
 0002:00002724 00000004 C=BSS      S=.bss     G=DGROUP   M=Windows  ACBP=A9
 0002:00002728 00000004 C=BSS      S=.bss     G=DGROUP   M=Messages ACBP=A9
 0002:0000272C 00000004 C=BSS      S=.bss     G=DGROUP   M=SysConst ACBP=A9
 0002:00002730 00000120 C=BSS      S=.bss     G=DGROUP   M=SysUtils ACBP=A9
 0002:00002850 0000005C C=BSS      S=.bss     G=DGROUP   M=VarUtils ACBP=A9
 0002:000028AC 00000184 C=BSS      S=.bss     G=DGROUP   M=Variants ACBP=A9
 0002:00002A30 00000004 C=BSS      S=.bss     G=DGROUP   M=RTLConsts ACBP=A9
 0002:00002A34 00000004 C=BSS      S=.bss     G=DGROUP   M=TypInfo  ACBP=A9
 0002:00002A38 00000004 C=BSS      S=.bss     G=DGROUP   M=ActiveX  ACBP=A9
 0002:00002A3C 00000040 C=BSS      S=.bss     G=DGROUP   M=Classes  ACBP=A9
 0002:00002A7C 00000004 C=BSS      S=.bss     G=DGROUP   M=Consts   ACBP=A9
 0002:00002A80 00000060 C=BSS      S=.bss     G=DGROUP   M=Graphics ACBP=A9
 0002:00002AE0 00000004 C=BSS      S=.bss     G=DGROUP   M=Math     ACBP=A9
 0002:00002AE4 00000004 C=BSS      S=.bss     G=DGROUP   M=Contnrs  ACBP=A9
 0002:00002AE8 00000004 C=BSS      S=.bss     G=DGROUP   M=CommCtrl ACBP=A9
 0002:00002AEC 00000031 C=BSS      S=.bss     G=DGROUP   M=MultiMon ACBP=A9
 0002:00002B20 00000004 C=BSS      S=.bss     G=DGROUP   M=Imm      ACBP=A9
 0002:00002B24 00000008 C=BSS      S=.bss     G=DGROUP   M=HelpIntfs ACBP=A9
 0002:00002B2C 00000004 C=BSS      S=.bss     G=DGROUP   M=WinSpool ACBP=A9
 0002:00002B30 00000004 C=BSS      S=.bss     G=DGROUP   M=Printers ACBP=A9
 0002:00002B34 00000034 C=BSS      S=.bss     G=DGROUP   M=FlatSB   ACBP=A9
 0002:00002B68 00000004 C=BSS      S=.bss     G=DGROUP   M=StdCtrls ACBP=A9
 0002:00002B6C 00000004 C=BSS      S=.bss     G=DGROUP   M=ShellAPI ACBP=A9
 0002:00002B70 00000004 C=BSS      S=.bss     G=DGROUP   M=RegStr   ACBP=A9
 0002:00002B74 00000004 C=BSS      S=.bss     G=DGROUP   M=WinInet  ACBP=A9
 0002:00002B78 00000004 C=BSS      S=.bss     G=DGROUP   M=UrlMon   ACBP=A9
 0002:00002B7C 00000004 C=BSS      S=.bss     G=DGROUP   M=ShlObj   ACBP=A9
 0002:00002B80 00000004 C=BSS      S=.bss     G=DGROUP   M=CommDlg  ACBP=A9
 0002:00002B84 00000004 C=BSS      S=.bss     G=DGROUP   M=ExtCtrls ACBP=A9
 0002:00002B88 00000004 C=BSS      S=.bss     G=DGROUP   M=Dlgs     ACBP=A9
 0002:00002B8C 00000038 C=BSS      S=.bss     G=DGROUP   M=Dialogs  ACBP=A9
 0002:00002BC4 0000000C C=BSS      S=.bss     G=DGROUP   M=Clipbrd  ACBP=A9
 0002:00002BD0 00000004 C=BSS      S=.bss     G=DGROUP   M=StrUtils ACBP=A9
 0002:00002BD4 00000004 C=BSS      S=.bss     G=DGROUP   M=StdActns ACBP=A9
 0002:00002BD8 00000010 C=BSS      S=.bss     G=DGROUP   M=WinHelpViewer ACBP=A9
 0002:00002BE8 00000080 C=BSS      S=.bss     G=DGROUP   M=Controls ACBP=A9
 0002:00002C68 00000004 C=BSS      S=.bss     G=DGROUP   M=ActnList ACBP=A9
 0002:00002C6C 00000004 C=BSS      S=.bss     G=DGROUP   M=ImgList  ACBP=A9
 0002:00002C70 00000010 C=BSS      S=.bss     G=DGROUP   M=Menus    ACBP=A9
 0002:00002C80 00000020 C=BSS      S=.bss     G=DGROUP   M=Forms    ACBP=A9
 0002:00002CA0 0000001C C=BSS      S=.bss     G=DGROUP   M=machineunit ACBP=A9
 0002:00002CBC 00000004 C=BSS      S=.bss     G=DGROUP   M=bevunit  ACBP=A9
 0002:00002CC0 00000034 C=BSS      S=.bss     G=DGROUP   M=inventoryunit ACBP=A9
 0002:00002CF4 00000018 C=BSS      S=.bss     G=DGROUP   M=vendmainunit ACBP=A9


  Address         Publics by Name

 0002:00002B8C       .01
 0002:00002A30       .1
 0002:00002B6C       .1
 0002:00002B70       .1
 0002:00002B74       .1
 0002:00002B78       .1
 0002:00002B7C       .1
 0002:00002B54       .1
 0002:00002B80       .1
 0002:00002B20       .1
 0002:00002AE8       .1
 0002:00002718       .1
 0002:00002720       .1
 0002:00002850       .1
 0002:0000272C       .1
 0002:00002728       .1
 0002:00002A7C       .1
 0002:00002B88       .1
 0002:00002BE0       .1
 0002:00002BD0       .1
 0002:00002B0C       .1
 0002:00002A84       .12
 0002:00002B84       .12
 0002:00002AE0       .2
 0002:00002B24       .2
 0002:00002CB8       .2
 0002:00002D04       .2
 0002:00002BC8       .2
 0002:00002AE4       .21
 0002:00002CF0       .3
 0002:00002C6C       .3
 0002:00002B30       .3
 0002:00002724       .3
 0002:00002A38       .3
 0002:00002B2C       .3
 0002:00002A44       .35
 0002:00002C88       .41
 0002:00002B68       .42
 0002:000025B8       .5
 0002:00002CBC       .5
 0002:00002A34       .6
 0002:00002BD4       .63
 0002:00002BF0       .72
 0002:00002C68       .8
 0002:000028CC       .81
 0002:00002C78       .9
 0002:00002840       .94
 0001:00001994       @AbstractError
 0001:000028E4       @AfterConstruction
 0001:000026D8       @AsClass
 0001:00001DC4       @AStrCmp
 0001:000028F4       @BeforeDestruction
 0001:00002468       @BoundErr
 0001:00002724       @CallDynaInst
 0001:0000288C       @ClassCreate
 0001:000028DC       @ClassDestroy
 0001:00001CCC       @Close
 0001:000018B4       @Copy
 0001:00003FB4       @CopyArray
 0001:00003E98       @CopyRecord
 0001:00004230       @DispCallByIDError
 0001:000040BC       @Dispose
 0001:00002D70       @DoneExcept
 0001:0000496C       @DynArrayAsg
 0001:00004930       @DynArrayClear
 0001:0000481C       @DynArrayCopy
 0001:0000483C       @DynArrayCopyRange
 0001:0000465C       @DynArrayHigh
 0001:00004654       @DynArrayLength
 0001:00004810       @DynArraySetLength
 0001:00002E58       @ExceptionHandler
 0001:00001E34       @FillChar
 0001:00003E8C       @Finalize
 0001:00003DA0       @FinalizeArray
 0001:00003D6C       @FinalizeRecord
 0001:0000273C       @FindDynaInst
 0001:00001CC0       @Flush
 0001:0000245C       @FpuInit
 0001:00002398       @FpuMaskInit
 0001:0000173C       @FreeMem
 0001:0000171C       @GetMem
 0001:00005654       @GetTls
 0001:0000327C       @Halt
 0001:000031A4       @Halt0
 0001:00002A08       @HandleAnyException
 0001:00002CBC       @HandleFinally
 0001:00002B34       @HandleOnException
 0001:000056A0       @InitExe
 0001:00003D60       @Initialize
 0001:00003CCC       @InitializeArray
 0001:00003C9C       @InitializeRecord
 0001:00003068       @InitImports
 0001:00003040       @InitResStringImports
 0001:0000504C       @IntfAddRef
 0001:00005020       @IntfCast
 0001:00004FDC       @IntfClear
 0001:00004FF4       @IntfCopy
 0001:000026B4       @IsClass
 0001:00002368       @isNECWindows
 0001:00003734       @LStrAddRef
 0001:000032B8       @LStrArrayClr
 0001:000032E8       @LStrAsg
 0001:00003554       @LStrCat
 0001:00003598       @LStrCat3
 0001:0000360C       @LStrCatN
 0001:00003294       @LStrClr
 0001:00003690       @LStrCmp
 0001:000037A4       @LStrCopy
 0001:000037E4       @LStrDelete
 0001:000034FC       @LStrFromArray
 0001:00003474       @LStrFromChar
 0001:00003484       @LStrFromPChar
 0001:00003384       @LStrFromPCharLen
 0001:000034B4       @LStrFromPWChar
 0001:000033E8       @LStrFromPWCharLen
 0001:000034F0       @LStrFromString
 0001:00003514       @LStrFromWStr
 0001:0000382C       @LStrInsert
 0001:0000332C       @LStrLAsg
 0001:0000354C       @LStrLen
 0001:00003934       @LStrOfChar
 0001:00003888       @LStrPos
 0001:000038D0       @LStrSetLength
 0001:00003744       @LStrToPChar
 0001:00003528       @LStrToString
 0001:000040A8       @New
 0001:00003358       @NewAnsiString
 0001:00003988       @NewWideString
 0001:00002080       @Pow10
 0001:00001D40       @PStrCmp
 0001:00001D24       @PStrNCpy
 0001:00002D1C       @RaiseAgain
 0001:00002CF4       @RaiseExcept
 0001:0000175C       @ReallocMem
 0001:00001A08       @RewritText
 0001:00001964       @ROUND
 0001:00003288       @RunError
 0001:00002064       @SetEq
 0001:00003000       @StartExe
 0001:00000310       @strlen
 0001:00001970       @TRUNC
 0001:00002DA0       @TryFinallyExit
 0001:0000379C       @UniqueStringA
 0001:00004430       @ValInt64
 0001:00001E54       @ValLong
 0001:00004158       @VarClear
 0001:00004228       @VarClr
 0001:0000420C       @VarCmpEQ
 0001:00004160       @VarCopy
 0001:000041CC       @VarFromBool
 0001:000041E4       @VarFromCurr
 0001:00004204       @VarFromDisp
 0001:000041B0       @VarFromInt
 0001:000041B8       @VarFromInt64
 0001:000041FC       @VarFromIntf
 0001:000041EC       @VarFromLStr
 0001:000041D4       @VarFromReal
 0001:000041DC       @VarFromTDateTime
 0001:000041F4       @VarFromWStr
 0001:00004218       @VarNeg
 0001:00004220       @VarNot
 0001:00004178       @VarToBool
 0001:00004188       @VarToCurr
 0001:000041A8       @VarToDisp
 0001:00004168       @VarToInt
 0001:00004170       @VarToInt64
 0001:000041A0       @VarToIntf
 0001:00004190       @VarToLStr
 0001:00004180       @VarToReal
 0001:00004198       @VarToWStr
 0001:00001F64       @WriteBytes
 0001:00003960       @WriteLString
 0001:00001FB8       @WriteSpaces
 0001:000039C8       @WStrArrayClr
 0001:000039EC       @WStrAsg
 0001:00003B28       @WStrCat
 0001:000039B0       @WStrClr
 0001:00003B88       @WStrCmp
 0001:00003C0C       @WStrCopy
 0001:00003AFC       @WStrFromLStr
 0001:00003A10       @WStrFromPCharLen
 0001:00003AC0       @WStrFromPWChar
 0001:00003A9C       @WStrFromPWCharLen
 0001:00003B1C       @WStrLen
 0001:00003C58       @WStrSetLength
 0001:00003B0C       @WStrToPWChar
 0001:00002040       @_CLenToPasStr
 0001:00002034       @_CToPasStr
 0001:00001884       @_IOTest
 0001:0000425C       @_lldiv
 0001:00004324       @_llmod
 0001:00004238       @_llmul
 0001:000043F0       @_llshl
 0001:000042D8       @_lludiv
 0001:000043A0       @_llumod
 0001:00004410       @_llushr
 0001:0003EB8C       AbsMin
 0001:0000B818       AbstractErrorHandler
 0002:00002028       AbstractErrorProc
 0002:00000128       AccessMode
 0001:000017EC       AcquireExceptionObject
 0001:0001C2D8       ActivateClassGroup
 0001:00005BF0       ActivateKeyboardLayout
 0002:00002C24       ActiveDrag
 0001:00019C24       ActiveX
 0001:00051FCC       ActnList
 0001:00000434       AddBlockAfter
 0002:0000059C       AddDataModule
 0001:00007340       AddExitProc
 0001:00020864       AddFinished
 0001:000558E0       AddIn
 0001:00004E70       AddModuleUnloadProc
 0001:00004E80       AddModuleUnloadProc
 0001:000208A0       AddNotFinished
 0001:0002BA58       AdjustColor
 0001:0005E310       Adjustment
 0001:00005BF8       AdjustWindowRectEx
 0002:00000C48       Alignments
 0002:00000C38       Alignments
 0002:00000910       Alignments
 0002:00000954       Alignments
 0001:00066D74       AlignWork
 0001:00045B84       AlignWork
 0001:0002742C       AllocateHWnd
 0001:000072D4       AllocMem
 0002:000025B0       AllocMemCount
 0002:000025B4       AllocMemSize
 0001:00031C70       AllocPatternBitmap
 0001:000055FC       AllocTlsBuffer
 0001:00024384       AncestorValid
 0002:00000A24       AnchorAlign
 0002:00000A18       AnimateWindowProc
 0002:00000B20       AnimationStyle
 0001:000075C0       AnsiCompareStr
 0001:0000760C       AnsiCompareText
 0001:00007CA0       AnsiLastChar
 0001:00005C00       AnsiLower
 0001:00007578       AnsiLowerCase
 0001:0000C260       AnsiLowerCaseFileName
 0001:0000C214       AnsiPos
 0001:0005B098       AnsiSameCaption
 0001:00007658       AnsiSameText
 0001:0000767C       AnsiStrLIComp
 0001:0000C334       AnsiStrPos
 0001:0000C40C       AnsiStrRScan
 0001:0000C45C       AnsiStrScan
 0001:00005458       AnsiToUtf8
 0001:00007530       AnsiUpperCase
 0001:00014C74       AnyOp
 0001:00013EB0       AnyToIntf
 0001:000093F4       AppendChars
 0001:00009814       AppendFormat
 0001:00009478       AppendNumber
 0001:00009454       AppendString
 0002:00002C80       Application
 0002:000005AC       ApplicationHandleException
 0002:000005B4       ApplicationShowException
 0002:00000D7C       AppVisible
 0001:0000B7E0       AssertErrorHandler
 0002:00002020       AssertErrorProc
 0001:00019124       AssignLongStr
 0001:000198EC       AssignVariant
 0002:00002604       avail
 0001:00007E00       BackfillGetDiskFreeSpaceEx
 0001:000424BC       BackgroundClipped
 0001:0000DD70       BackupVarBoolFromStr
 0001:0000DEEC       BackupVarBStrFromBool
 0001:0000DDF4       BackupVarBStrFromCy
 0001:0000DE70       BackupVarBStrFromDate
 0001:0000DCFC       BackupVarCyFromStr
 0001:0000DC88       BackupVarDateFromStr
 0001:0000DB2C       BackupVarI4FromStr
 0001:0000DAB8       BackupVariantChangeTypeEx
 0001:0000DBA0       BackupVarR4FromStr
 0001:0000DC14       BackupVarR8FromStr
 0002:00000420       BaseTypeMap
 0001:0000BDA0       Beep
 0001:0001C794       BeginGlobalLoading
 0001:00005C08       BeginPaint
 0001:0002BA80       BetterSize
 0002:00002CAC       beverageLCobj
 0002:00002CB4       beverageLTobj
 0002:00002CA8       beverageSCobj
 0002:00002CB0       beverageSTobj
 0001:0006CF68       bevunit
 0001:000567E8       BiDiDraw
 0001:000059E8       BitBlt
 0002:000008B8       BitmapCanvasList
 0002:00002A9C       BitmapImageLock
 0001:0000DB04       BiUnimplemented
 0002:000005D4       BlockCode
 0002:000025DC       blockDescBlockList
 0002:000025E0       blockDescFreeList
 0002:00000590       BooleanIdents
 0002:0000041C       BooleanToStringRule
 0001:00007ABC       BoolToStr
 0001:00012E24       BoolToWStrViaOS
 0002:00000CC4       BorderStyles
 0002:00000908       BorderStyles
 0001:00005778       Bounds
 0001:0001B368       Bounds
 0002:00000BE0       Breaks
 0002:00002AD4       BrushManager
 0001:000598CC       BuildImage
 0002:000009C0       ButtonCaptions
 0002:00000994       ButtonNames
 0002:00000C5C       Buttons
 0002:0000094C       ButtonStyles
 0002:00002B98       ButtonWidths
 0001:0002B0F4       BytesPerScanline
 0001:0002B520       ByteSwapColors
 0001:0000BEF8       ByteToCharIndex
 0001:0000BEBC       ByteToCharLen
 0001:0000BE58       ByteType
 0001:0000BDAC       ByteTypeTest
 0001:000272F4       CalcJmpOffset
 0001:0004F80C       CalcSplitterPos
 0001:00005C10       CallNextHookEx
 0001:0000CD44       CallTerminateProcs
 0001:00005C18       CallWindowProc
 0001:0003FE3C       CancelDrag
 0002:00002C38       CanvasList
 0002:00002AD8       CanvasList
 0002:0000096C       Captions
 0002:00000ADC       CaptureControl
 0002:00000B80       cBooleanToItemAutoFlag
 0002:000004B4       CBooleanToRelationship
 0002:00002BC6       CF_COMPONENT
 0002:00002BC4       CF_PICTURE
 0002:000028C4       ChangeAnyProc
 0001:0003DE24       ChangeBiDiModeAlignment
 0002:00000930       CharCases
 0001:000033B4       CharFromWChar
 0001:0000C170       CharLength
 0001:00005C20       CharLowerBuff
 0001:00005C28       CharNext
 0001:00000288       CharNext
 0001:00029460       CharsetToIdent
 0001:0000C034       CharToByteIndex
 0001:0000C0AC       CharToByteLen
 0001:00005C30       CharUpperBuff
 0001:0002C17C       CheckBool
 0001:00002984       CheckJmp
 0001:00005C38       CheckMenuItem
 0002:00000BD0       Checks
 0001:00025A2C       CheckSynchronize
 0001:0005DBE0       CheckTaskWindow
 0001:00015A14       CheckType
 0001:00014D08       CheckType
 0001:0003FAC0       CheckUndock
 0001:0000BD60       CheckWin32Version
 0002:00000438       CInvalidCustomVariantType
 0002:00000B84       cItemAutoFlagToBoolean
 0002:00000B7C       cItemAutoFlagToMenu
 0001:000275C8       Classes
 0001:0001C074       ClassNotFound
 0002:000028C0       ClearAnyProc
 0001:00028C40       ClearColor
 0001:00018298       ClearVariantTypeList
 0001:00005C40       ClientToScreen
 0001:0004C1B0       ClientToWindow
 0002:000008B0       ClipboardFormats
 0001:0003AE8C       Clipbrd
 0001:00005C48       CloseClipboard
 0001:00000228       CloseHandle
 0001:00005808       CloseHandle
 0002:0000203C       CmdLine
 0002:00002038       CmdShow
 0002:00000B78       cMenuAutoFlagToItem
 0002:000004C0       CmpTypeMap
 0001:0000DB18       CmpUnimplemented
 0001:0001CA9C       CollectionsEqual
 0002:00000630       Colors
 0001:000291F8       ColorToIdent
 0001:000291C8       ColorToRGB
 0002:00002C7C       CommandPool
 0001:00032398       CommCtrl
 0001:00038804       CommDlg
 0001:00000714       Commit
 0002:00002620       committedRoot
 0001:00054C44       CompareFront
 0001:00007498       CompareMem
 0001:00007468       CompareStr
 0001:00005810       CompareString
 0001:000074B8       CompareText
 0001:000079C0       CompareWith
 0001:00021460       ComponentCreated
 0001:0002BE78       ComputeAldusChecksum
 0001:00027898       Consts
 0001:00032288       Contnrs
 0002:00002BF6       ControlAtom
 0002:00002BFC       ControlAtomString
 0001:00063D74       ControlHasHelp
 0001:00050678       Controls
 0001:0000B174       ConvertAddr
 0001:00009578       ConvertEraString
 0001:000072A4       ConvertErrorFmt
 0001:000096FC       ConvertYearString
 0001:00004664       CopyArray
 0001:0002EA30       CopyBitmap
 0001:0002F118       CopyBitmapAsMask
 0001:000059F0       CopyEnhMetaFile
 0001:0002F0A0       CopyPalette
 0001:0005863C       CopyToBest
 0001:0000BF7C       CountChars
 0002:00002AB4       CounterLock
 0002:0000043C       CRangeToType
 0001:0000B718       CreateAssertException
 0001:0000B914       CreateAVObject
 0001:000059F8       CreateBitmap
 0001:00005A00       CreateBrushIndirect
 0001:00005A08       CreateCompatibleBitmap
 0001:00005A10       CreateCompatibleDC
 0001:000214F4       CreateComponent
 0001:00005A20       CreateDIBitmap
 0001:00005A18       CreateDIBSection
 0001:00005818       CreateEvent
 0001:00005820       CreateFile
 0001:00000230       CreateFileA
 0001:00005A28       CreateFontIndirect
 0001:00005A30       CreateHalftonePalette
 0001:00005C50       CreateIcon
 0001:0000B604       CreateInOutError
 0001:00005C58       CreateMenu
 0001:0003A51C       CreateMessageDialog
 0001:00005A38       CreatePalette
 0001:00005A40       CreatePenIndirect
 0001:00005C60       CreatePopupMenu
 0001:00005A48       CreateSolidBrush
 0001:0002B578       CreateSystemPalette
 0001:00005828       CreateThread
 0001:00006204       CreateWindow
 0001:00005C68       CreateWindowEx
 0002:00000A1C       CreationControl
 0002:00000964       CreationControl
 0002:0000057C       CRelationshipToBoolean
 0002:00000400       CResult
 0002:00000120       cSimpleBoolStrs
 0002:00000528       CText
 0002:00000B18       Ctl3DStyles
 0002:00000524       CTruth
 0002:00002618       curAlloc
 0001:00015B2C       CurrCompare
 0002:00002738       CurrencyDecimals
 0002:00002734       CurrencyFormat
 0002:00002730       CurrencyString
 0001:000093D4       CurrentYear
 0001:00008E5C       CurrToStr
 0001:00012DBC       CurrToWStrViaOS
 0002:00000D00       CursorMap
 0002:00000A2C       Cursors
 0001:0003E184       CursorToIdent
 0002:00000CF0       cUseAlpha
 0002:00000CF8       cUseColorKey
 0002:000002F8       CVarTypeToElementInfo
 0002:00000160       CWNear
 0001:00015AF8       DateCompare
 0001:00014DE8       DateOp
 0002:00002739       DateSeparator
 0001:0000A064       DateTimeToStr
 0001:00009FF8       DateTimeToString
 0001:00008F8C       DateTimeToTimeStamp
 0001:00012DF0       DateToWStrViaOS
 0001:000093A4       DayOfWeek
 0002:0000015C       DCon10
 0002:0000062C       DDBsOnly
 0001:000274E8       DeallocateHWnd
 0002:00000014       DebugHook
 0002:00002737       DecimalSeparator
 0001:00017A34       DecIndices
 0001:00009374       DecodeDate
 0001:000091F8       DecodeDateFully
 0001:00009050       DecodeTime
 0001:000007A8       Decommit
 0001:00000DC4       DecommitFree
 0002:000025F4       decommittedRoot
 0001:00067BAC       Default
 0001:000610E8       Default
 0002:0000000C       Default8087CW
 0002:00000A20       DefaultDockTreeClass
 0002:00000020       DefaultTextLineBreakStyle
 0002:00000880       DefBrushData
 0002:00000600       DefFontData
 0001:00005C70       DefFrameProc
 0002:000001EC       DefLongDayNames
 0002:000001A0       DefLongMonthNames
 0001:00005C78       DefMDIChildProc
 0002:00000860       DefPenData
 0002:000001D0       DefShortDayNames
 0002:00000170       DefShortMonthNames
 0001:00005C80       DefWindowProc
 0001:000049C4       DelayLoadResourceModule
 0001:00000464       DeleteBlock
 0001:00005830       DeleteCriticalSection
 0001:000003D4       DeleteCriticalSection
 0001:00005A50       DeleteDC
 0001:00005A58       DeleteEnhMetaFile
 0001:00000C0C       DeleteFree
 0001:00005C88       DeleteMenu
 0001:00005A60       DeleteObject
 0001:0002E4D0       DeselectBitmap
 0001:00005C90       DestroyCursor
 0001:00005C98       DestroyIcon
 0001:00005CA0       DestroyMenu
 0001:00005CA8       DestroyWindow
 0001:0003BB68       DialogEnumerationTester
 0001:0003AE20       Dialogs
 0002:000008BC       DIBPalSizes
 0002:0000007C       dig
 0001:0005D9CC       DisableTaskWindows
 0001:00005CB0       DispatchMessage
 0001:000652E8       DispatchShortCut
 0002:00002000       DispCallByIDProc
 0001:00007288       DivMod
 0001:00039954       Dlgs
 0001:000459E8       DoAlign
 0001:00066BF8       DoAlign
 0001:0004ACA4       DoCalcConstraints
 0002:00002C2C       DockSiteList
 0001:00059540       DoClick
 0001:000475E8       DoControlMsg
 0001:0005D95C       DoDisableWindow
 0001:0003F2E4       DoDragOver
 0001:000072FC       DoExitProc
 0001:0004D318       DoFindControlZone
 0001:0005DAD8       DoFindWindow
 0001:0004DB30       DoFindZone
 0001:0004D3BC       DoForEach
 0001:0004F3A4       DoGetNextLimit
 0001:0005D920       DoneApplication
 0001:000503B8       DoneControls
 0001:0000BC88       DoneExceptions
 0001:00063120       DoNestedActivation
 0001:00045598       DoPosition
 0001:000669F4       DoPosition
 0001:0004E6D8       DoPrune
 0001:0004ED80       DoSaveZone
 0001:0004EFBC       DoSetNewBounds
 0002:00000598       DotSep
 0001:0002C424       DoWrite
 0001:0001E13C       DoWrite
 0001:0002D284       DoWrite
 0001:000532CC       DoWrite
 0001:000469F4       DoWriteDesignSize
 0001:00043AAC       DoWriteIsControl
 0002:00002C10       DragCapture
 0002:00002C04       DragControl
 0001:0003FB40       DragDone
 0001:0003F278       DragFindTarget
 0001:0003F234       DragFindWindow
 0002:00002C28       DragImageList
 0001:0003F734       DragInit
 0001:0003F8DC       DragInitControl
 0002:00002C0C       DragInternalObject
 0001:0003F170       DragMessage
 0002:00002C08       DragObject
 0002:00002C34       DragSave
 0002:00002C1C       DragSaveCursor
 0002:00002C14       DragStartPos
 0002:00002C20       DragThreshold
 0001:0003F404       DragTo
 0001:00067BE8       DrawAppIcon
 0001:0004E1A4       DrawCloseButton
 0001:00005CB8       DrawEdge
 0001:00005CC0       DrawFrameControl
 0001:0004E1FC       DrawGrabberLine
 0001:00005CC8       DrawIcon
 0001:00005CD0       DrawIconEx
 0002:00000B54       DrawingStyles
 0001:00005CD8       DrawMenuBar
 0001:0005AE2C       DrawMenuItem
 0001:00005CE0       DrawText
 0001:0002AF4C       DupBits
 0001:000179B8       DynArrayBounds
 0001:0000467C       DynArrayClear
 0001:000178E0       DynArrayDim
 0001:000178A4       DynArrayElTypeInfo
 0001:00017F54       DynArrayFromVariant
 0001:00017864       DynArrayIndex
 0001:00004684       DynArraySetLength
 0001:00017914       DynArraySize
 0001:00017BEC       DynArrayToVariant
 0001:00017AF8       DynArrayVariantBounds
 0001:00017B80       DynArrayVarType
 0002:00000C40       EdgeStyle
 0002:00000B08       EdgeStyles
 0001:0000B5C8       EHeapException.FreeInstance
 0001:00005CE8       EmptyClipboard
 0001:000158D8       EmptyCompare
 0001:00015220       EmptyOp
 0002:000028AC       EmptyParam
 0002:000000A4       EmptyStr
 0002:000000A8       EmptyWideStr
 0001:00005CF0       EnableMenuItem
 0002:00000BD8       Enables
 0001:00005CF8       EnableScrollBar
 0001:0005DA84       EnableTaskWindows
 0001:00005D00       EnableWindow
 0001:0001C844       EndGlobalLoading
 0001:00005D08       EndPaint
 0001:000003C4       EnterCriticalSection
 0001:00005838       EnterCriticalSection
 0001:00005840       EnumCalendarInfoA
 0002:00002B08       EnumDisplayMonitors
 0001:0000AD34       EnumEraNames
 0001:0000AD80       EnumEraYearOffsets
 0001:0006172C       EnumMonitorsProc
 0001:00005D10       EnumThreadWindows
 0001:00005D18       EnumWindows
 0001:00005D20       EqualRect
 0002:00002800       EraNames
 0001:0000A390       EraToYear
 0002:0000281C       EraYearOffsets
 0002:00000074       errCaption
 0001:0001BB6C       Error
 0001:0005494C       Error
 0001:000202C0       Error
 0001:00001878       Error
 0002:00000004       ErrorAddr
 0001:0000182C       ErrorAt
 0001:0000B6A8       ErrorHandler
 0002:00000208       ErrorMap
 0002:00002008       ErrorProc
 0002:000023E4       ErrOutput
 0001:000017CC       ExceptAddr
 0002:0000200C       ExceptClsProc
 0001:0000BBD8       ExceptHandler
 0001:0000B404       Exception.Create
 0001:0000B44C       Exception.CreateFmt
 0001:0000B4DC       Exception.CreateRes
 0001:0000B524       Exception.CreateResFmt
 0002:0000201C       ExceptionClass
 0001:0000B184       ExceptionErrorMessage
 0002:00000240       ExceptMap
 0001:000017AC       ExceptObject
 0002:00002010       ExceptObjProc
 0002:00002004       ExceptProc
 0001:00005A68       ExcludeClipRect
 0002:00000000       ExitCode
 0001:000030E8       ExitDll
 0002:00002044       ExitProc
 0001:00000290       ExitProcess
 0002:00002024       ExitProcessProc
 0002:0000011C       ExitProcList
 0001:00039900       ExtCtrls
 0001:00007DA0       ExtractFileExt
 0001:00007D5C       ExtractFileName
 0002:0000283C       FalseBoolStrs
 0002:00002BCC       FClipboard
 0002:00000150       FCon1E18
 0001:00007C8C       FileClose
 0001:00007BC0       FileCreate
 0001:00007B8C       FileCreate
 0002:000008B4       FileFormats
 0002:00000008       FileMode
 0001:00001A50       FileNOPProc
 0001:00007B18       FileOpen
 0001:00007BE0       FileRead
 0002:000005C4       FilerSignature
 0001:00007C50       FileSeek
 0001:00007C18       FileWrite
 0001:00000CF4       FillAfterGap
 0001:00000CA0       FillBeforeGap
 0001:00000D8C       FillerSizeAfterGap
 0001:00000D1C       FillerSizeBeforeGap
 0001:00005D28       FillRect
 0001:0003B064       Finalization
 0001:0003AEE8       Finalization
 0001:0003AE50       Finalization
 0001:0003ADC4       Finalization
 0001:0003BE0C       Finalization
 0001:00039924       Finalization
 0001:000398D0       Finalization
 0001:000387D4       Finalization
 0001:0003879C       Finalization
 0001:00038764       Finalization
 0001:0003872C       Finalization
 0001:000386F4       Finalization
 0001:000386BC       Finalization
 0001:00038684       Finalization
 0001:00018838       Finalization
 0001:00018BE0       Finalization
 0001:00019B9C       Finalization
 0001:00019BF4       Finalization
 0001:0000E4D0       Finalization
 0001:00006368       Finalization
 0001:000063A0       Finalization
 0001:000066C0       Finalization
 0001:0000D890       Finalization
 0001:00033F48       Finalization
 0001:00033F10       Finalization
 0001:0005B1A0       Finalization
 0001:000057B8       Finalization
 0001:0006DD28       Finalization
 0001:0006DD60       Finalization
 0001:000056E4       Finalization
 0001:000539D0       Finalization
 0001:00033EC4       Finalization
 0001:00032C20       Finalization
 0001:00032BDC       Finalization
 0001:00032368       Finalization
 0001:00051F9C       Finalization
 0001:00032258       Finalization
 0001:00031EE0       Finalization
 0001:00050610       Finalization
 0001:00031CB8       Finalization
 0001:00027520       Finalization
 0001:00027868       Finalization
 0001:00005500       Finalization
 0001:0006A334       Finalization
 0001:0006AD3C       Finalization
 0001:0006D5BC       Finalization
 0001:0006CF38       Finalization
 0001:000342B4       Finalization
 0001:00004674       FinalizeArray
 0001:00002F40       FinalizeUnits
 0001:00059220       Find
 0001:00023A38       FindAncestor
 0001:00004A34       FindBS
 0001:0001C13C       FindClass
 0001:000049BC       FindClassHInstance
 0001:000002A0       FindClose
 0001:00000C70       FindCommitted
 0001:0003DF44       FindControl
 0001:0004DDA8       FindControlAtPos
 0001:00018728       FindCustomVariantType
 0001:0001865C       FindCustomVariantType
 0001:0003FEA4       FindDragTarget
 0001:000216A8       FindExistingComponent
 0001:000002A8       FindFirstFile
 0001:0001C660       FindGlobalComponent
 0001:0005DC40       FindGlobalComponent
 0002:00002A50       FindGlobalComponentProcs
 0001:00004994       FindHInstance
 0001:0001C4B0       FindIdentToInt
 0001:0001C420       FindIntToIdent
 0002:00002B94       FindMsg
 0001:0002075C       FindNestedComponent
 0001:000548FC       FindPopupControl
 0001:0000E180       FindProc
 0001:00005848       FindResource
 0001:00004A0C       FindResourceHInstance
 0001:00069A60       FindScanline
 0001:0005DB50       FindTopMostWindow
 0001:000225D0       FindUniqueName
 0001:00017004       FindVarData
 0001:0003FE54       FindVCLWindow
 0001:00005D30       FindWindow
 0001:0003BBCC       FindWinHelp
 0001:0002E9C0       FixupBitFields
 0002:00000C50       Flags
 0002:0000284C       FLanguages
 0001:000342E4       FlatSB
 0002:00002B34       FlatSB_EnableScrollBar
 0002:00002B40       FlatSB_GetScrollInfo
 0002:00002B44       FlatSB_GetScrollPos
 0002:00002B3C       FlatSB_GetScrollRange
 0002:00002B4C       FlatSB_SetScrollInfo
 0002:00002B48       FlatSB_SetScrollPos
 0001:00033F8C       FlatSB_SetScrollProp
 0002:00002B50       FlatSB_SetScrollRange
 0002:00002B38       FlatSB_ShowScrollBar
 0001:00008AEC       FloatToDecimal
 0001:00008E2C       FloatToStr
 0001:00008814       FloatToText
 0001:00001CB4       Flush
 0002:00000164       FMSecsPerDay
 0001:000086F4       FmtStr
 0002:00000C68       FocusCount
 0002:00000C64       FocusMessages
 0002:000007D0       FontCharsets
 0002:00002ACC       FontManager
 0001:0005DC0C       ForegroundTask
 0002:00002CF4       Form1
 0002:00002CC0       Form2
 0002:0000016C       Format
 0001:000086CC       Format
 0001:00008204       FormatBuf
 0001:000081F0       FormatClearStr
 0001:0000816C       FormatError
 0002:00000148       FormatErrorStrs
 0001:00005850       FormatMessage
 0001:000081D4       FormatVarToStr
 0001:0006A390       Forms
 0001:00002078       FPower10
 0002:00000904       FPrinter
 0001:00005D38       FrameRect
 0001:0000D430       FreeAndNil
 0001:000009DC       FreeCommitted
 0001:00000EFC       FreeCurAlloc
 0001:0003FFB0       FreeDeviceContext
 0001:0004006C       FreeDeviceContexts
 0001:00027244       FreeIntConstList
 0001:00005858       FreeLibrary
 0001:000002B0       FreeLibrary
 0001:0002E424       FreeMemoryContexts
 0001:000273F8       FreeObjectInstance
 0001:00005860       FreeResource
 0001:0000065C       FreeSpace
 0001:0000CD80       FreeTerminateProcs
 0001:0002AF28       GDICheck
 0001:0002AE7C       GDIError
 0001:00005868       GetACP
 0001:00005D40       GetActiveWindow
 0001:00067178       GetAnimation
 0001:00039E14       GetAveCharSize
 0001:00005A70       GetBitmapBits
 0001:000003DC       GetBlockDesc
 0001:00005A78       GetBrushOrgEx
 0001:00005D48       GetCapture
 0001:0003E27C       GetCaptureControl
 0001:0001C0E4       GetClass
 0001:00005D50       GetClassInfo
 0001:00005D58       GetClassName
 0001:00005D60       GetClientRect
 0001:00005D68       GetClipboardData
 0001:0002CD1C       GetClipboardFormats
 0001:00005A80       GetClipBox
 0001:00000378       GetCmdShow
 0001:00052184       GetColor
 0001:000002B8       GetCommandLine
 0001:00000828       GetCommitted
 0001:000008B8       GetCommittedAt
 0001:000249B8       GetComponentValue
 0001:00047080       GetControlAtPos
 0001:000094C8       GetCount
 0001:00005870       GetCPInfo
 0001:00005A88       GetCurrentPositionEx
 0001:00005878       GetCurrentProcessId
 0001:00005880       GetCurrentThreadId
 0001:00000370       GetCurrentThreadId
 0001:00006128       GetCurrentTime
 0001:00005D70       GetCursor
 0001:00069A74       GetCursorHeightMargin
 0001:00005D78       GetCursorPos
 0001:00009500       GetDate
 0001:00005888       GetDateFormat
 0001:0000A25C       GetDateOrder
 0001:00005D80       GetDC
 0001:00005D88       GetDCEx
 0001:00005A90       GetDCOrgEx
 0001:00031828       GetDefFontCharSet
 0001:0001D8FC       GetDesigner
 0001:00005D90       GetDesktopWindow
 0001:00005AA8       GetDeviceCaps
 0001:0002C148       GetDIB
 0001:00005A98       GetDIBColorTable
 0001:00005AA0       GetDIBits
 0001:0002C064       GetDIBSizes
 0001:0002B0B8       GetDInColors
 0001:00005890       GetDiskFreeSpaceA
 0002:00000118       GetDiskFreeSpaceEx
 0001:0004F4B4       GetDockAlign
 0001:0003EF9C       GetDockSiteAtPos
 0001:0003F334       GetDropCtl
 0001:000026F4       GetDynaMethod
 0001:00005AB0       GetEnhMetaFileBits
 0001:00005AB8       GetEnhMetaFileHeader
 0001:00005AC0       GetEnhMetaFilePaletteEntries
 0001:00018C50       GetEnumName
 0001:00018D7C       GetEnumNameValue
 0001:00018DC8       GetEnumValue
 0001:0000AE0C       GetEraNamesAndYearOffsets
 0001:0000A32C       GetEraYearOffset
 0001:0000B8E8       GetExceptionClass
 0001:0000BAF8       GetExceptionObject
 0001:0001C068       GetFieldClassTable
 0001:0002CCF0       GetFileFormats
 0001:00000240       GetFileSize
 0001:00000238       GetFileType
 0001:00019550       GetFloatProp
 0001:00005D98       GetFocus
 0001:000294B0       GetFontData
 0001:00005DA0       GetForegroundWindow
 0001:0000C77C       GetFormatSettings
 0001:000288A4       GetHashCode
 0001:00063DC4       GetHelpInfo
 0001:000330B4       GetHelpSystem
 0001:00066F10       GetHint
 0001:00066F60       GetHintControl
 0001:0005B004       GetHotkey
 0001:00005DA8       GetIconInfo
 0001:00019A00       GetInt64Prop
 0001:00019A64       GetInterfaceProp
 0001:00005DC0       GetKeyboardLayout
 0001:00005DC8       GetKeyboardLayoutList
 0001:00005DD0       GetKeyboardState
 0001:00002360       GetKeyboardType
 0001:00005DB0       GetKeyNameText
 0001:00005DB8       GetKeyState
 0001:00005DD8       GetLastActivePopup
 0001:0004CF38       GetLastChildZone
 0001:000002C0       GetLastError
 0001:00005898       GetLastError
 0001:0000AB80       GetLocaleChar
 0001:000058A8       GetLocaleInfo
 0001:000002C8       GetLocaleInfo
 0001:0000AB24       GetLocaleStr
 0001:000058A0       GetLocalTime
 0001:0003E228       GetLongHint
 0001:00019140       GetLongStrProp
 0001:00005DE0       GetMenu
 0001:00063D20       GetMenuHelpContext
 0001:00005DE8       GetMenuItemCount
 0001:00005DF0       GetMenuItemID
 0001:00005DF8       GetMenuItemInfo
 0001:0005720C       GetMenuSize
 0001:00005E00       GetMenuState
 0001:00005E08       GetMenuString
 0001:00019988       GetMethodProp
 0001:000058B0       GetModuleFileName
 0001:000002D0       GetModuleFileName
 0001:000055DC       GetModuleHandle
 0001:000002D8       GetModuleHandle
 0001:000058B8       GetModuleHandle
 0002:00002AFC       GetMonitorInfo
 0002:00002B00       GetMonitorInfoA
 0002:00002B04       GetMonitorInfoW
 0001:0000AC00       GetMonthDayNames
 0001:00005E10       GetNextWindow
 0001:00005AC8       GetObject
 0001:00018F44       GetOrdProp
 0001:00005AD0       GetPaletteEntries
 0001:00005E18       GetParent
 0001:0005DE70       GetParentForm
 0001:00005AD8       GetPixel
 0001:000058C0       GetProcAddress
 0001:000002E0       GetProcAddress
 0001:00005E20       GetProp
 0001:00018E50       GetPropInfo
 0001:00018EC0       GetPropInfos
 0001:0005E448       GetRealScrollPosition
 0001:00052148       GetRGBColor
 0001:00005E28       GetScrollInfo
 0001:00005E30       GetScrollPos
 0001:00005E38       GetScrollRange
 0001:0003E1D4       GetShortHint
 0001:00019014       GetShortStrProp
 0001:000190AC       GetShortStrPropAsLongStr
 0001:00000580       GetSpace
 0001:000005E4       GetSpaceAt
 0001:000549C4       GetSpecialName
 0001:000002E8       GetStartupInfo
 0001:00000248       GetStdHandle
 0001:000058C8       GetStdHandle
 0001:00005AE0       GetStockObject
 0001:000058D0       GetStringTypeEx
 0001:00019280       GetStrProp
 0001:00005E40       GetSubMenu
 0001:00005E48       GetSysColor
 0001:000058D8       GetSystemInfo
 0001:00005E50       GetSystemMenu
 0001:00005E58       GetSystemMetrics
 0002:00002AEC       GetSystemMetrics
 0001:00005AE8       GetSystemPaletteEntries
 0001:00005AF8       GetTextExtentPoint
 0001:00005AF0       GetTextExtentPoint32
 0001:00005B00       GetTextMetrics
 0001:000002F0       GetThreadLocale
 0001:000058E0       GetThreadLocale
 0001:000058E8       GetTickCount
 0001:00009538       GetTime
 0001:00005608       GetTlsSize
 0001:00067858       GetTopMostWindows
 0001:0003E3CC       GetTopParent
 0001:00005E60       GetTopWindow
 0001:00018C44       GetTypeData
 0001:00017458       GetVarArray
 0001:0001729C       GetVarDataArrayInfo
 0001:00004130       GetVariantManager
 0001:00019908       GetVariantProp
 0001:000058F0       GetVersion
 0001:000058F8       GetVersionEx
 0001:0001933C       GetWideStrProp
 0001:000191C0       GetWideStrPropAsLongStr
 0001:00005E68       GetWindow
 0001:00005E70       GetWindowDC
 0001:00005E78       GetWindowLong
 0001:00005B10       GetWindowOrgEx
 0001:00005E80       GetWindowPlacement
 0001:00005E88       GetWindowRect
 0001:00005E90       GetWindowText
 0001:00005E98       GetWindowThreadProcessId
 0001:00005EA0       GetWindowThreadProcessId
 0001:00005B08       GetWinMetaFileBits
 0001:00005900       GlobalAddAtom
 0001:00005908       GlobalAlloc
 0001:00006154       GlobalAllocPtr
 0001:00005910       GlobalDeleteAtom
 0001:00005918       GlobalFindAtom
 0002:00002A54       GlobalFixupList
 0001:000208F4       GlobalFixupReferences
 0001:00005920       GlobalFree
 0001:00006180       GlobalFreePtr
 0001:00005930       GlobalHandle
 0001:00005928       GlobalLock
 0002:00002A3C       GlobalNameSpace
 0001:00005938       GlobalReAlloc
 0001:00006164       GlobalReAllocPtr
 0001:00005940       GlobalUnlock
 0002:0000297C       GOldVariantManager
 0001:00031D8C       Graphics
 0001:0001C280       GroupDescendentsWith
 0002:000028D0       GVariantManager
 0001:0000F07C       HandleConversionException
 0001:00021DE0       HandleException
 0002:00000010       HeapAllocFlags
 0002:000025C0       heapErrorCode
 0002:000025C4       heapLock
 0001:00033F04       HelpIntfs
 0002:00002B28       HelpManager
 0002:00002B90       HelpMsg
 0002:00002BE4       HelpViewer
 0002:00000114       HexDisplayPrefix
 0002:0000093C       HideSelections
 0001:0004F53C       HideZone
 0002:00002714       HInstance
 0002:00002C94       HintDoneEvent
 0001:0006705C       HintGetMsgHook
 0002:00002C98       HintHook
 0001:00066FFC       HintMouseThread
 0002:00002C9C       HintThread
 0002:00002C90       HintThreadID
 0001:00066FA8       HintTimerProc
 0002:00000C60       HintWindowClass
 0001:000670A0       HookHintHooks
 0001:00006254       HwndMSWheel
 0002:00000BF4       IBreaks
 0002:00000C00       IChecks
 0002:00000980       IconIDs
 0002:00000C08       IDefaults
 0001:00029488       IdentToCharset
 0001:00029220       IdentToColor
 0001:0003E1AC       IdentToCursor
 0001:0001C540       IdentToInt
 0002:00000C10       IEnables
 0001:000585F8       IfHotkeyAvailable
 0001:000322A8       ImageList_Add
 0001:000322C8       ImageList_AddIcon
 0001:00032308       ImageList_BeginDrag
 0001:00032290       ImageList_Create
 0001:00032298       ImageList_Destroy
 0001:00032318       ImageList_DragEnter
 0001:00032320       ImageList_DragLeave
 0001:00032328       ImageList_DragMove
 0001:00032338       ImageList_DragShowNolock
 0001:000322F0       ImageList_Draw
 0001:000322F8       ImageList_DrawEx
 0001:00032310       ImageList_EndDrag
 0001:000322C0       ImageList_GetBkColor
 0001:00032340       ImageList_GetDragImage
 0001:00032358       ImageList_GetIconSize
 0001:000322A0       ImageList_GetImageCount
 0001:00032348       ImageList_Read
 0001:00032300       ImageList_Remove
 0001:000322B0       ImageList_ReplaceIcon
 0001:000322B8       ImageList_SetBkColor
 0001:00032330       ImageList_SetDragCursorImage
 0001:00032360       ImageList_SetIconSize
 0001:00032350       ImageList_Write
 0002:00000B64       Images
 0001:00053A00       ImgList
 0001:00032C50       Imm
 0002:00000B48       IMM32DLL
 0001:0005038C       Imm32IsIME
 0002:00000168       IMSecsPerDay
 0001:0000F5E4       InBounds
 0001:0000F188       InBounds
 0001:0000F630       Increment
 0001:0000F1D4       Increment
 0001:00005EA8       InflateRect
 0001:00000A68       InitAllocator
 0001:000323A0       InitAnApi
 0002:00002B14       InitApis
 0001:0001C8B0       InitComponent
 0002:00002630       InitContext
 0001:00050440       InitControls
 0001:00031880       InitDefFontData
 0001:0000CDB4       InitDriveSpacePtr
 0001:0000BC00       InitExceptions
 0001:00033FF8       InitFlatSB
 0001:0003AC74       InitGlobals
 0001:0002BEB8       InitializeBitmapInfoHeader
 0001:000003BC       InitializeCriticalSection
 0001:00005948       InitializeCriticalSection
 0002:000025BC       initialized
 0001:00033FC8       InitializeFlatSB
 0001:00005694       InitializeModule
 0001:0000E1C4       InitializeVarUtils
 0001:0004FFEC       InitIMM32
 0001:0001C964       InitInheritedComponent
 0001:0000C52C       InitLeadBytes
 0001:00032B6C       InitMultiMonStubs
 0001:0000BCF8       InitPlatformId
 0002:00002040       InitProc
 0001:0006A274       InitProcs
 0001:000317E8       InitScreenLogPixels
 0001:0000C5D0       InitSysLocale
 0001:00005610       InitThreadTLS
 0001:00002FA0       InitUnits
 0001:00004110       InitVariantManager
 0001:0003DE4C       InitWndProc
 0002:00000AE8       InnerStyles
 0002:0000204C       Input
 0002:00002D08       inputitem
 0001:00066960       InsertBefore
 0001:000454D0       InsertBefore
 0001:00000E74       InsertFree
 0001:000586CC       InsertHotkeyFarEastFormat
 0001:00005EB0       InsertMenu
 0001:00005EB8       InsertMenuItem
 0002:00002A74       InstBlockList
 0002:00002A78       InstFreeList
 0001:00015A80       Int64Compare
 0001:00014F5C       Int64Op
 0001:00015A4C       IntCompare
 0002:00002A48       IntConstList
 0001:0000CE24       InterlockedDecrement
 0001:00000368       InterlockedDecrement
 0001:0000CE30       InterlockedExchange
 0001:0000CE38       InterlockedExchangeAdd
 0001:00000360       InterlockedIncrement
 0001:0000CE18       InterlockedIncrement
 0001:00001A90       InternalClose
 0001:00028820       InternalDeletePalette
 0001:00001C6C       InternalFlush
 0001:00000CD0       InternalFreeMem
 0001:0002C088       InternalGetDIB
 0001:0002BFEC       InternalGetDIBSizes
 0001:0001C6F0       InternalReadComponentRes
 0001:00003750       InternalUniqueString
 0001:00005B18       IntersectClipRect
 0001:00005EC0       IntersectRect
 0001:00014E48       IntOp
 0001:00007814       IntToHex
 0001:0001C5A0       IntToIdent
 0001:000077A4       IntToStr
 0001:000077DC       IntToStr
 0001:00005EC8       InvalidateRect
 0001:0002AE04       InvalidBitmap
 0001:0002ADE4       InvalidGraphic
 0001:0002AE10       InvalidIcon
 0001:0002AE1C       InvalidMetafile
 0001:0002ADC4       InvalidOperation
 0001:0001B394       InvalidPoint
 0002:00002848       InvalidPointer
 0001:0006D5EC       inventoryunit
 0002:00002CC4       invobj
 0001:000025AC       InvokeImplGetter
 0001:000018F8       IOResult
 0002:00000C30       IOwnerDraw
 0002:00000C18       IRadios
 0002:00000C28       IRTL
 0001:0005DDF8       IsAccel
 0001:00059CCC       IsAccelChar
 0001:0003ECF8       IsBeforeTargetWindow
 0001:00005ED0       IsChild
 0002:00002048       IsConsole
 0001:00024B80       IsDefault
 0001:00024884       IsDefault
 0001:000245F0       IsDefaultValue
 0001:00024734       IsDefaultValue
 0001:000247E0       IsDefaultValue
 0001:00024E20       IsDefaultValue
 0001:00025018       IsDefaultValue
 0001:00025158       IsDefaultValue
 0001:0003F1D8       IsDelphiHandle
 0001:00005ED8       IsDialogMessage
 0001:0001791C       IsDynArrayRectangular
 0002:00000C20       ISeparators
 0001:00005EE0       IsIconic
 0001:00059D60       IsInitialChar
 0001:000090B0       IsLeapYear
 0002:00002034       IsLibrary
 0002:00002049       IsMultiThread
 0001:0004C760       IsOrientationSet
 0001:00005EE8       IsRectEmpty
 0001:0003EF50       IsSiteChildOfClient
 0001:00018F14       IsStoredProp
 0001:0001C6B8       IsUniqueGlobalComponentName
 0002:00002A40       IsUniqueGlobalComponentNameProc
 0001:00007728       IsValidIdent
 0001:0000C5AC       IsWesternGroup
 0001:00005EF0       IsWindow
 0001:00005EF8       IsWindowEnabled
 0001:00005F00       IsWindowVisible
 0001:00005F08       IsZoomed
 0001:00054E00       Iterate
 0001:00054E6C       IterateMenus
 0002:00000018       JITEnable
 0001:0005DD8C       KeyboardStateToShiftState
 0001:0005DD44       KeyDataToShiftState
 0001:0005DCE8       KeysToShiftState
 0001:00005F10       KillTimer
 0001:00007CEC       LastDelimiter
 0001:0000C4B4       LCIDToCodePage
 0002:000000F4       LeadBytes
 0001:000003CC       LeaveCriticalSection
 0001:00005950       LeaveCriticalSection
 0002:00000024       LibModuleList
 0001:00005B20       LineTo
 0001:0003FF00       ListAdd
 0001:0003FF38       ListRemove
 0002:000027FE       ListSeparator
 0001:00005F18       LoadBitmap
 0001:00005F20       LoadCursor
 0001:00005F28       LoadIcon
 0001:00005F30       LoadKeyboardLayout
 0001:00005958       LoadLibrary
 0001:000002F8       LoadLibraryEx
 0001:00005960       LoadResource
 0001:00004C00       LoadResourceModule
 0001:000054A8       LoadResString
 0001:00005F38       LoadString
 0001:00000300       LoadString
 0001:000055E4       LocalAlloc
 0001:0000039C       LocalAlloc
 0001:000003A4       LocalFree
 0001:0000ABBC       LocalGetLocaleStr
 0001:00005968       LockResource
 0002:00002740       LongDateFormat
 0002:000027D4       LongDayNames
 0002:00002788       LongMonthNames
 0002:00002754       LongTimeFormat
 0001:000073FC       LowerCase
 0001:000059E0       lstrcpy
 0001:00000308       lstrcpyn
 0002:00002A28       LVarTypes
 0002:00002A2C       LVarTypeSync
 0001:0006AD6C       machineunit
 0002:0000202C       MainInstance
 0002:00002030       MainThreadID
 0001:0000042C       MakeEmpty
 0001:0000308C       MakeErrorMessage
 0002:00000B34       MakeLast
 0001:00006100       MakeLong
 0001:00027318       MakeObjectInstance
 0001:00006194       MakeROP4
 0001:0000B834       MapException
 0001:00002DB8       MapToRunError
 0001:00005F40       MapVirtualKey
 0001:00005F48       MapWindowPoints
 0002:00000B6C       Mask
 0001:00005B28       MaskBlt
 0001:00031F10       Math
 0001:00031EB4       Max
 0001:00061134       MaximizedChildren
 0002:0000002C       MemoryManager
 0002:00000B88       MenuKeyCaps
 0001:0005B210       Menus
 0001:0000047C       MergeBlockAfter
 0001:00000F48       MergeCommit
 0001:00005F50       MessageBeep
 0001:00005F58       MessageBox
 0001:00000298       MessageBox
 0001:0003AB34       MessageDlgPos
 0001:0003AB70       MessageDlgPosHelp
 0001:000063D0       Messages
 0001:00031E88       Min
 0001:0001D3F8       Min
 0001:00044C28       MinVar
 0002:00002B1C       MMAvailable
 0002:000009EC       ModalResults
 0002:00000B4C       ModeMap
 0001:00063544       ModifySystemMenu
 0002:0000008C       Module
 0002:00002709       ModuleIsCpp
 0002:00002708       ModuleIsLib
 0001:000272C0       ModuleUnload
 0002:00000028       ModuleUnloadList
 0002:00002AF8       MonitorFromPoint
 0002:00002AF4       MonitorFromRect
 0002:00002AF0       MonitorFromWindow
 0002:000000C4       MonthDays
 0002:00002BE8       Mouse
 0001:00001918       Move
 0001:00005B30       MoveToEx
 0001:0003FF74       MoveWindowOrg
 0001:00005970       MulDiv
 0001:00000318       MultiByteToWideChar
 0001:00069C60       MultiLineWidth
 0001:00032C0C       MultiMon
 0002:00002CA4       myobj
 0002:00002D00       myobj
 0001:000163EC       NegateAny
 0001:000162E4       NegateAsDouble
 0001:00016354       NegateByte
 0001:00016408       NegateCustom
 0001:000163A4       NegateLongWord
 0001:0001631C       NegateVariant
 0001:00016300       NegateViaOS
 0001:0001637C       NegateWord
 0002:00002735       NegCurrFormat
 0001:00000FD4       NewCommit
 0001:00001000       NewCommitAt
 0002:00002BEC       NewStyleControls
 0001:0000C1C0       NextCharIndex
 0001:0004C72C       NextVisibleZone
 0002:000005C8       NilMethod
 0002:0000001C       NoErrMsg
 0001:00055F68       NormalDraw
 0001:00016974       NotAny
 0001:000168B8       NotAsOrdinal
 0001:000167D8       NotAsString
 0001:00016990       NotCustom
 0001:00002970       NotifyAnyExcept
 0001:0001D9B0       NotifyDesigner
 0001:00002944       NotifyExcept
 0001:000029A4       NotifyExceptFinally
 0001:0001C7FC       NotifyGlobalLoading
 0001:00004F00       NotifyModuleUnload
 0001:00002920       NotifyNonDelphiException
 0001:0000295C       NotifyOnExcept
 0001:00002904       NotifyReRaise
 0001:000029CC       NotifyTerminate
 0001:000029E8       NotifyUnhandled
 0001:0001693C       NotVariant
 0001:00016920       NotViaOS
 0001:0005950C       NthParentOf
 0001:00018824       Null
 0002:00000414       NullAsStringValue
 0001:00015904       NullCompare
 0002:00000408       NullEqualityRule
 0002:0000040C       NullMagnitudeRule
 0001:00015148       NullOp
 0002:00000410       NullStrictConvert
 0001:00024B20       ObjectAncestorMatch
 0001:0003DF00       ObjectFromHWnd
 0002:00000944       OEMConverts
 0001:00005F60       OemToAnsi
 0001:00005F68       OffsetRect
 0001:0001465C       OleVarFromAny
 0001:000146C0       OleVarFromVarArrayProc
 0001:00005F70       OpenClipboard
 0001:000019B0       OpenText
 0002:00000450       OpTypeMap
 0002:00000B2C       OrientArray
 0002:00000AF8       OuterStyles
 0002:00002844       OutOfMemory
 0001:0002AE28       OutOfResources
 0002:00002218       Output
 0001:00024980       OwnedBy
 0002:00000418       PackVarCreation
 0002:000008C4       Pal16
 0001:00028CCC       PaletteChanged
 0001:0002B74C       PaletteFromDIBColorTable
 0001:0002B82C       PaletteToDIBColorTable
 0002:000008C0       PalSize
 0001:0004CD08       ParentNotLast
 0002:00000920       Passwords
 0001:00005B38       PatBlt
 0002:00002ADC       PatternManager
 0001:00005F78       PeekMessage
 0002:00002AD0       PenManager
 0002:00000890       PenModes
 0002:00000870       PenStyles
 0001:00005B40       PlayEnhMetaFile
 0001:00005754       Point
 0001:0001B2F0       Point
 0001:0001B824       PointerInModule
 0001:000469BC       PointsEqual
 0001:000061DC       PointToSmallPoint
 0002:00002C70       PopupList
 0001:00005F80       PostMessage
 0001:00005F88       PostQuitMessage
 0001:00033F84       Printers
 0001:00065088       ProcessExecute
 0001:0005E0C0       ProcessHorz
 0001:000651B8       ProcessUpdate
 0001:0005E144       ProcessVert
 0002:00002A58       ProcPosted
 0001:00020C5C       PropertyNotFound
 0001:00021EE0       PropPathError
 0002:00000C90       Props
 0001:00020C4C       PropValueError
 0001:00005F90       PtInRect
 0001:000087D0       PutExponent
 0002:00002C30       QualifyingSites
 0001:0000B7D0       RaiseAssertException
 0001:0001F8A4       RaiseException
 0001:00000250       RaiseException
 0002:00002014       RaiseExceptionProc
 0001:0000CC74       RaiseLastOSError
 0001:0004DEF4       ReadControlName
 0001:000232A0       ReadCustomVariant
 0001:00020C2C       ReadError
 0001:00000258       ReadFile
 0001:00005978       ReadFile
 0001:0002BB2C       ReadIcon
 0002:00000928       ReadOnlys
 0001:00015AC4       RealCompare
 0001:00005B48       RealizePalette
 0001:00014D68       RealOp
 0001:00021488       Recover
 0001:0001B33C       Rect
 0001:0000571C       Rect
 0001:00005B58       Rectangle
 0001:00005B50       RectVisible
 0001:00005F98       RedrawWindow
 0002:000028C8       RefAnyProc
 0001:000057F0       RegCloseKey
 0001:00000320       RegCloseKey
 0002:00002A4C       RegGroups
 0001:00005FA0       RegisterClass
 0001:0001C168       RegisterClass
 0001:00005FA8       RegisterClipboardFormat
 0001:0003F100       RegisterDockSite
 0001:0001C5FC       RegisterFindGlobalComponentProc
 0001:0001C3E8       RegisterIntegerConsts
 0001:00004F5C       RegisterModule
 0001:0003301C       RegisterViewer
 0001:00005FB0       RegisterWindowMessage
 0001:000057F8       RegOpenKeyEx
 0001:00000328       RegOpenKeyEx
 0001:00000330       RegQueryValueEx
 0001:00005800       RegQueryValueEx
 0001:00038724       RegStr
 0001:00005FB8       ReleaseCapture
 0001:00005FC0       ReleaseDC
 0002:00000038       reMap
 0002:00002614       remBytes
 0001:000004EC       RemoveBlock
 0002:000005A4       RemoveDataModule
 0001:00020ADC       RemoveFixupReferences
 0001:00020B98       RemoveFixups
 0001:00020F04       RemoveGlobalFixup
 0001:00005FC8       RemoveMenu
 0001:00004EA0       RemoveModuleUnloadProc
 0001:00004E78       RemoveModuleUnloadProc
 0001:00005FD0       RemoveProp
 0001:00005980       ResetEvent
 0001:00001488       ResizeInPlace
 0001:00005B60       RestoreDC
 0001:0005D8A0       RestoreFocusState
 0001:0001CD04       ReturnAddr
 0001:0001E2C0       ReturnAddr
 0001:00054940       ReturnAddr
 0001:0002B474       RGBQuadToTriple
 0001:0002B400       RGBTripleToQuad
 0002:00002C00       RM_GetObjectInstance
 0002:00002C8C       RM_TaskbarCreated
 0002:00002610       rover
 0002:00002CD0       rTempcpinput
 0002:00002CE0       rTempminput
 0002:00002CD8       rTempsuginput
 0002:00002CC8       rTemptlinput
 0002:00002CE8       rTempwinput
 0001:00018C10       RTLConsts
 0001:00000260       RtlUnwind
 0002:00002018       RTLUnwindProc
 0002:00000054       runErrMsg
 0001:00001820       RunErrorAt
 0001:0000DF6C       SafeArrayCreate
 0001:0000DF8C       SafeArrayGetElement
 0001:0000DF7C       SafeArrayGetLBound
 0001:0000DF84       SafeArrayGetUBound
 0001:0000DF9C       SafeArrayPtrOfIndex
 0001:0000DF94       SafeArrayPutElement
 0001:0000DF74       SafeArrayRedim
 0001:0000D538       SafeLoadLibrary
 0001:0000750C       SameText
 0001:00005B68       SaveDC
 0001:0005D88C       SaveFocusState
 0001:0000A080       ScanBlanks
 0001:0000A20C       ScanChar
 0001:0000A3F8       ScanDate
 0001:0000A0C0       ScanNumber
 0001:0000A174       ScanString
 0001:0000A784       ScanTime
 0001:0000A2C4       ScanToNumber
 0002:00002C84       Screen
 0002:00002A88       ScreenLogPixels
 0001:00005FD8       ScreenToClient
 0001:0005E2CC       ScrollBarVisible
 0001:00005FE0       ScrollWindow
 0001:00001034       SearchSmallBlocks
 0001:00005B70       SelectObject
 0001:00005B78       SelectPalette
 0001:0003DF9C       SendAppMessage
 0001:0005DBA4       SendFocusMessage
 0001:00005FE8       SendMessage
 0002:00000BEC       Separators
 0001:00005FF0       SetActiveWindow
 0001:000671B0       SetAnimation
 0001:00005B80       SetBkColor
 0001:00005B88       SetBkMode
 0001:00005B90       SetBrushOrgEx
 0001:00005FF8       SetCapture
 0001:0003E2B8       SetCaptureControl
 0001:00006000       SetClassLong
 0001:000171EC       SetClearVarToEmptyParam
 0001:00006008       SetClipboardData
 0001:00021608       SetCompName
 0001:00006010       SetCursor
 0001:00005B98       SetDIBColorTable
 0001:00000268       SetEndOfFile
 0001:00005988       SetEndOfFile
 0001:00005BA0       SetEnhMetaFileBits
 0001:00005990       SetErrorMode
 0001:00005998       SetEvent
 0001:00002EF8       SetExceptionHandler
 0001:000059A0       SetFilePointer
 0001:00000270       SetFilePointer
 0001:0001969C       SetFloatProp
 0001:00006018       SetFocus
 0001:00006020       SetForegroundWindow
 0001:00050290       SetImeMode
 0001:000018A4       SetInOutRes
 0001:00019A28       SetInt64Prop
 0001:00019B00       SetInterfaceProp
 0001:000221F8       SetInterfaceReference
 0001:00022108       SetIntIdent
 0002:00000C6C       SetLayeredWindowAttributes
 0001:00019180       SetLongStrProp
 0001:00006028       SetMenu
 0001:00006030       SetMenuItemInfo
 0001:000199C8       SetMethodProp
 0001:00022154       SetObjectIdent
 0001:00018FB8       SetOrdProp
 0001:00005BA8       SetPixel
 0001:00006038       SetProp
 0001:00006040       SetRect
 0001:00005BB0       SetROP2
 0001:00006048       SetScrollInfo
 0001:00006050       SetScrollPos
 0001:00006058       SetScrollRange
 0001:00019058       SetShortStrProp
 0001:000190E8       SetShortStrPropAsLongStr
 0001:00005BB8       SetStretchBltMode
 0001:000192E4       SetStrProp
 0001:00005BC0       SetTextColor
 0001:000059A8       SetThreadLocale
 0001:00006060       SetTimer
 0001:000171C0       SetVarAsError
 0001:00004144       SetVariantManager
 0001:00019948       SetVariantProp
 0001:0002219C       SetVariantReference
 0001:00005BC8       SetViewportOrgEx
 0001:00069688       SetVisible
 0001:0001944C       SetWideStrProp
 0001:00019220       SetWideStrPropAsLongStr
 0001:00006068       SetWindowLong
 0001:00005BD8       SetWindowOrgEx
 0001:00006070       SetWindowPlacement
 0001:00006078       SetWindowPos
 0001:00006088       SetWindowsHookEx
 0001:00006080       SetWindowText
 0001:00005BD0       SetWinMetaFileBits
 0002:00000134       ShareMode
 0001:000386EC       ShellAPI
 0001:000387CC       ShlObj
 0001:00054974       ShortCut
 0002:00002C74       ShortCutItems
 0001:00054A24       ShortCutToText
 0002:0000273C       ShortDateFormat
 0002:000027B8       ShortDayNames
 0002:00002758       ShortMonthNames
 0002:00002750       ShortTimeFormat
 0002:00000CE4       ShowCommands
 0002:00000CCC       ShowCommands
 0002:00000CD8       ShowCommands
 0001:00006090       ShowCursor
 0001:0000B33C       ShowException
 0002:00000D80       ShowFlags
 0002:00000AE0       ShowFlags
 0001:0005D8B4       ShowMDIClientEdge
 0001:0003AC28       ShowMessage
 0001:0003AC40       ShowMessagePos
 0001:00006098       ShowOwnedPopups
 0001:000060A0       ShowScrollBar
 0001:000060A8       ShowWindow
 0001:000671E0       ShowWinNoAnimate
 0001:0004F5D8       ShowZone
 0001:000152CC       SimpleVarOp
 0002:00000B40       SizeCursors
 0001:000059B0       SizeofResource
 0001:00022D30       SkipBinary
 0001:00022D64       SkipCollection
 0001:00022D04       SkipList
 0001:0000CC6C       Sleep
 0001:000059B8       Sleep
 0001:0001B314       SmallPoint
 0001:000061B8       SmallPointToPoint
 0002:0000261C       smallTab
 0002:000025E4       spaceRoot
 0001:0001C230       StartClassGroup
 0001:0003B094       StdActns
 0001:000386B4       StdCtrls
 0001:000272D4       StdWndProc
 0002:00002A90       StockBrush
 0002:00002A94       StockFont
 0002:00002A98       StockIcon
 0002:00002A8C       StockPen
 0001:000080B4       StrAlloc
 0001:000080E0       StrBufSize
 0001:0000BE8C       StrByteType
 0001:0000C120       StrCharLength
 0001:00007F98       StrComp
 0001:00007ED8       StrCopy
 0001:00008148       StrDispose
 0001:00053178       StreamsEqual
 0001:00007E98       StrEnd
 0001:00005BE0       StretchBlt
 0001:00008618       StrFmt
 0001:00007FBC       StrIComp
 0001:00015B64       StringCompare
 0001:0001F6A8       StringListCompareStrings
 0001:0000CB10       StringReplace
 0001:000040CC       StringToOleStr
 0001:0005AF30       StripHotkey
 0001:00007F00       StrLCopy
 0001:00007E80       StrLen
 0001:00008674       StrLFmt
 0001:00007FFC       StrLIComp
 0001:00007EAC       StrMove
 0001:00008108       StrNew
 0001:0000C154       StrNextChar
 0001:00007F34       StrPCopy
 0001:00007F68       StrPLCopy
 0001:00008060       StrPos
 0001:00008040       StrScan
 0001:00008E8C       StrToFloat
 0001:00007860       StrToInt
 0001:000078A0       StrToIntDef
 0001:0003AF18       StrUtils
 0002:00000CB8       Styles
 0001:0000D454       Supports
 0001:0000D490       Supports
 0002:000005D0       SyncList
 0001:00000348       SysAllocStringLen
 0001:000066F0       SysConst
 0002:00000C80       SysConsts
 0002:00000C88       SysConsts
 0001:0000AAC0       SysErrorMessage
 0001:000012E4       SysFreeMem
 0001:00000358       SysFreeString
 0001:00001154       SysGetMem
 0001:00005714       SysInit
 0002:000027F0       SysLocale
 0001:00001658       SysReallocMem
 0001:00000350       SysReAllocStringLen
 0001:00005554       System
 0002:00002A80       SystemPalette16
 0001:0002B6A4       SystemPaletteOverride
 0001:000060B0       SystemParametersInfo
 0001:0000DA10       SysUtils
 0001:00051408       TActionLink.IsCaptionLinked
 0001:0005142C       TActionLink.IsCheckedLinked
 0001:00051450       TActionLink.IsEnabledLinked
 0001:00051474       TActionLink.IsGroupIndexLinked
 0001:00051498       TActionLink.IsHelpContextLinked
 0001:000514BC       TActionLink.IsHelpLinked
 0001:000514E0       TActionLink.IsHintLinked
 0001:00051504       TActionLink.IsImageIndexLinked
 0001:00051528       TActionLink.IsShortCutLinked
 0001:0005154C       TActionLink.IsVisibleLinked
 0001:00051570       TActionLink.SetAutoCheck
 0001:00051580       TActionLink.SetCaption
 0001:00051590       TActionLink.SetChecked
 0001:000515A0       TActionLink.SetEnabled
 0001:000515B0       TActionLink.SetGroupIndex
 0001:000515C0       TActionLink.SetHelpContext
 0001:000515D0       TActionLink.SetHelpKeyword
 0001:000515E0       TActionLink.SetHelpType
 0001:000515F0       TActionLink.SetHint
 0001:00051600       TActionLink.SetImageIndex
 0001:00051610       TActionLink.SetShortCut
 0001:00051624       TActionLink.SetVisible
 0001:00069D2C       TApplication.ActivateHint
 0001:000685B8       TApplication.BringToFront
 0001:00069A28       TApplication.CancelHint
 0001:00067ABC       TApplication.CheckIniChange
 0001:000677B4       TApplication.ControlDestroyed
 0001:00067230       TApplication.Create
 0001:00068B1C       TApplication.CreateForm
 0001:000675E0       TApplication.CreateHandle
 0001:00067480       TApplication.Destroy
 0001:0006A150       TApplication.DispatchAction
 0001:000692B0       TApplication.DoActionIdle
 0001:0006932C       TApplication.DoMouseIdle
 0001:000678D8       TApplication.DoNormalizeTopMosts
 0001:0006A1FC       TApplication.ExecuteAction
 0001:0006A100       TApplication.GetCurrentHelpFile
 0001:00068350       TApplication.GetIconHandle
 0001:00068614       TApplication.GetTitle
 0001:00068CC8       TApplication.HandleException
 0001:000689AC       TApplication.HandleMessage
 0001:0006920C       TApplication.HelpCommand
 0001:00069194       TApplication.HelpContext
 0001:0006911C       TApplication.HelpKeyword
 0001:000699D0       TApplication.HideHint
 0001:00069854       TApplication.HintMouseMessage
 0001:0006998C       TApplication.HintTimerExpired
 0001:000689D4       TApplication.HookMainWindow
 0001:0006A2F0       TApplication.HookSynchronizeWakeup
 0001:00069560       TApplication.IconChanged
 0001:000693EC       TApplication.Idle
 0001:00068AFC       TApplication.Initialize
 0001:00068FAC       TApplication.InvokeHelp
 0001:00068670       TApplication.IsDlgMsg
 0001:00068820       TApplication.IsHintMsg
 0001:0006870C       TApplication.IsKeyMsg
 0001:000686B0       TApplication.IsMDIMsg
 0001:00068864       TApplication.IsShortCut
 0001:00068D68       TApplication.MessageBox
 0001:00068388       TApplication.Minimize
 0001:000679BC       TApplication.NormalizeAllTopMosts
 0001:000679A8       TApplication.NormalizeTopMosts
 0001:00069510       TApplication.NotifyForms
 0001:000688E4       TApplication.ProcessMessage
 0001:00068474       TApplication.Restore
 0001:000679D0       TApplication.RestoreTopMosts
 0001:00068BB0       TApplication.Run
 0001:000695DC       TApplication.SetHint
 0001:00069234       TApplication.SetShowHint
 0001:00067B2C       TApplication.SettingChange
 0001:00068ED0       TApplication.ShowException
 0001:000697C4       TApplication.StartHintTimer
 0001:0006981C       TApplication.StopHintTimer
 0001:00068CAC       TApplication.Terminate
 0001:00068A4C       TApplication.UnhookMainWindow
 0001:0006A30C       TApplication.UnhookSynchronizeWakeup
 0001:0006A238       TApplication.UpdateAction
 0001:000696E8       TApplication.UpdateVisible
 0001:00067A8C       TApplication.UseRightToLeftAlignment
 0001:00067A5C       TApplication.UseRightToLeftReading
 0001:00069788       TApplication.ValidateHelpSystem
 0001:0006A2CC       TApplication.WakeMainThread
 0001:00067C34       TApplication.WndProc
 0002:00000C70       TaskActiveWindow
 0002:00000C78       TaskFirstTopMost
 0002:00000C74       TaskFirstWindow
 0002:00000C7C       TaskWindowList
 0001:0003E8B4       TBaseDragControlObject.Assign
 0001:0003E870       TBaseDragControlObject.Create
 0001:0003E8F0       TBaseDragControlObject.EndDrag
 0001:0003E920       TBaseDragControlObject.Finished
 0001:00026BC8       TBasicAction.Change
 0001:000269A0       TBasicAction.Create
 0001:000269FC       TBasicAction.Destroy
 0001:00026AE8       TBasicAction.Execute
 0001:00026A8C       TBasicAction.ExecuteTarget
 0001:00026A74       TBasicAction.HandlesTarget
 0001:00026A9C       TBasicAction.Notification
 0001:00026BEC       TBasicAction.RegisterChanges
 0001:00026B50       TBasicAction.SetOnExecute
 0001:00026C14       TBasicAction.UnRegisterChanges
 0001:00026B1C       TBasicAction.Update
 0001:00026AD8       TBasicAction.UpdateTarget
 0001:0002681C       TBasicActionLink.AssignClient
 0001:00026874       TBasicActionLink.Change
 0001:000267CC       TBasicActionLink.Create
 0001:0002682C       TBasicActionLink.Destroy
 0001:0002689C       TBasicActionLink.Execute
 0001:00026960       TBasicActionLink.IsOnExecuteLinked
 0001:00026914       TBasicActionLink.SetAction
 0001:00026974       TBasicActionLink.SetOnExecute
 0001:00026980       TBasicActionLink.Update
 0001:0002F410       TBitmap.Assign
 0001:0002F620       TBitmap.Changed
 0001:0002F5E4       TBitmap.Changing
 0001:0002F510       TBitmap.CopyImage
 0001:0002F344       TBitmap.Create
 0001:0002F3C0       TBitmap.Destroy
 0001:0002FC7C       TBitmap.DIBNeeded
 0001:0002F644       TBitmap.Dormant
 0001:0002F6CC       TBitmap.Draw
 0001:0002FD50       TBitmap.FreeContext
 0001:0002F970       TBitmap.FreeImage
 0001:0002FA50       TBitmap.GetCanvas
 0001:0002FA10       TBitmap.GetEmpty
 0001:0002FAC0       TBitmap.GetHandle
 0001:0002FAF8       TBitmap.GetHandleType
 0001:0002FB50       TBitmap.GetHeight
 0001:0002FB74       TBitmap.GetMaskHandle
 0001:0002FB98       TBitmap.GetMonochrome
 0001:0002FBD4       TBitmap.GetPalette
 0001:0002FBF8       TBitmap.GetTransparentColor
 0001:0002FC60       TBitmap.GetWidth
 0001:0002FD70       TBitmap.HandleNeeded
 0001:0002FFD4       TBitmap.LoadFromClipboardFormat
 0001:0003006C       TBitmap.LoadFromStream
 0001:0002FE34       TBitmap.MaskHandleNeeded
 0001:0003009C       TBitmap.NewImage
 0001:0002FEC4       TBitmap.PaletteNeeded
 0001:000301A8       TBitmap.ReadData
 0001:000301D8       TBitmap.ReadDIB
 0001:000307A4       TBitmap.ReadStream
 0001:000310EC       TBitmap.SaveToClipboardFormat
 0001:000310CC       TBitmap.SaveToStream
 0001:0003081C       TBitmap.SetHandle
 0001:00030908       TBitmap.SetHandleType
 0001:00030AD4       TBitmap.SetHeight
 0001:00030B44       TBitmap.SetMonochrome
 0001:00030BF0       TBitmap.SetPalette
 0001:00030CFC       TBitmap.SetWidth
 0001:00030D6C       TBitmap.WriteData
 0001:00030D8C       TBitmap.WriteStream
 0001:0002E56C       TBitmapCanvas.Create
 0001:0002E6A8       TBitmapCanvas.CreateHandle
 0001:0002E5BC       TBitmapCanvas.Destroy
 0001:0002E5F8       TBitmapCanvas.FreeContext
 0001:0002E7F4       TBitmapImage.Destroy
 0001:0002E874       TBitmapImage.FreeHandle
 0001:0001D398       TBits.Destroy
 0001:0001D3D4       TBits.Error
 0001:0001D520       TBits.OpenBit
 0001:0001D4F4       TBits.SetBit
 0001:0001D420       TBits.SetSize
 0001:00029FC0       TBrush.Assign
 0001:00029F40       TBrush.Create
 0001:00029F8C       TBrush.Destroy
 0001:0002A128       TBrush.GetColor
 0001:0002A068       TBrush.GetData
 0001:0002A17C       TBrush.GetHandle
 0001:0002A270       TBrush.GetStyle
 0001:0002A0F4       TBrush.SetBitmap
 0001:0002A144       TBrush.SetColor
 0001:0002A0A0       TBrush.SetData
 0001:0002A28C       TBrush.SetStyle
 0001:00037F50       TButton.Click
 0001:0003817C       TButton.CMDialogChar
 0001:000380F0       TButton.CMDialogKey
 0001:00038210       TButton.CMFocusChanged
 0001:000380C8       TButton.CNCommand
 0001:00037ED4       TButton.Create
 0001:00038058       TButton.CreateParams
 0001:000380A4       TButton.CreateWnd
 0001:00037F9C       TButton.SetButtonStyle
 0001:00038004       TButton.SetDefault
 0001:00037F88       TButton.UseRightToLeftAlignment
 0001:00038280       TButton.WMEraseBkgnd
 0001:00037C24       TButtonActionLink.AssignClient
 0001:00037C54       TButtonActionLink.IsCheckedLinked
 0001:00037CA4       TButtonActionLink.SetChecked
 0001:00037D78       TButtonControl.ActionChange
 0001:00037D10       TButtonControl.Create
 0001:00037DD4       TButtonControl.GetActionLinkClass
 0001:00037DEC       TButtonControl.GetChecked
 0001:00037E00       TButtonControl.IsCheckedStored
 0001:00037E34       TButtonControl.SetChecked
 0001:00037E44       TButtonControl.WndProc
 0001:0002AD90       TCanvas.BrushChanged
 0001:0002ABE0       TCanvas.Changed
 0001:0002ABBC       TCanvas.Changing
 0001:0002A450       TCanvas.CopyRect
 0001:0002A2C8       TCanvas.Create
 0001:0002AC88       TCanvas.CreateBrush
 0001:0002AC04       TCanvas.CreateFont
 0001:0002AAA0       TCanvas.CreateHandle
 0001:0002AC44       TCanvas.CreatePen
 0001:0002AA28       TCanvas.DeselectHandles
 0001:0002A3D8       TCanvas.Destroy
 0001:0002A500       TCanvas.Draw
 0001:0002A5C4       TCanvas.FillRect
 0001:0002AD28       TCanvas.FontChanged
 0001:0002A9F4       TCanvas.GetHandle
 0001:0002A904       TCanvas.GetPenPos
 0001:0002A960       TCanvas.GetPixel
 0001:0002A614       TCanvas.LineTo
 0001:0002A660       TCanvas.Lock
 0001:0002A690       TCanvas.MoveTo
 0001:0002AD5C       TCanvas.PenChanged
 0001:0002A6CC       TCanvas.Rectangle
 0001:0002AB28       TCanvas.RequiredState
 0001:0002A8E4       TCanvas.SetBrush
 0001:0002A8A4       TCanvas.SetFont
 0001:0002AAAC       TCanvas.SetHandle
 0001:0002A8C4       TCanvas.SetPen
 0001:0002A938       TCanvas.SetPenPos
 0001:0002A9A0       TCanvas.SetPixel
 0001:0002A720       TCanvas.StretchDraw
 0001:0002A76C       TCanvas.TextExtent
 0001:0002A7EC       TCanvas.TextHeight
 0001:0002A7C4       TCanvas.TextWidth
 0001:0002A814       TCanvas.TryLock
 0001:0002A874       TCanvas.Unlock
 0001:000539A8       TChangeLink.Change
 0001:00053960       TChangeLink.Destroy
 0001:0001BE48       TClassFinder.Create
 0001:0001BF90       TClassFinder.Destroy
 0001:0001BFCC       TClassFinder.GetClass
 0001:0002CC80       TClipboardFormats.Add
 0001:0002CBB0       TClipboardFormats.Create
 0001:0002CC44       TClipboardFormats.Destroy
 0001:0001DA80       TCollection.Add
 0001:0001DEC8       TCollection.Added
 0001:0001DAAC       TCollection.Assign
 0001:0001DB50       TCollection.BeginUpdate
 0001:0001DB60       TCollection.Changed
 0001:0001DB80       TCollection.Clear
 0001:0001DED8       TCollection.Deleting
 0001:0001DA1C       TCollection.Destroy
 0001:0001DBE8       TCollection.EndUpdate
 0001:0001DC18       TCollection.GetAttr
 0001:0001DC00       TCollection.GetAttrCount
 0001:0001DC5C       TCollection.GetCount
 0001:0001DC78       TCollection.GetItem
 0001:0001DC34       TCollection.GetItemAttr
 0001:0001DC9C       TCollection.GetNamePath
 0001:0001DD6C       TCollection.GetPropName
 0001:0001DEE8       TCollection.Notify
 0001:0001DEA8       TCollection.SetItemName
 0001:0001DEB8       TCollection.Update
 0001:00039AC8       TCommonDialog.Create
 0001:00039BB8       TCommonDialog.DefaultHandler
 0001:00039B2C       TCommonDialog.Destroy
 0001:00039DCC       TCommonDialog.DoClose
 0001:00039DF0       TCommonDialog.DoShow
 0001:00039C0C       TCommonDialog.MainWndProc
 0001:00039B74       TCommonDialog.MessageHook
 0001:00039CF4       TCommonDialog.TaskModalDialog
 0001:00039C7C       TCommonDialog.WMDestroy
 0001:00039CA8       TCommonDialog.WMInitDialog
 0001:00039CD0       TCommonDialog.WMNCDestroy
 0001:00039C60       TCommonDialog.WndProc
 0001:00025C58       TComponent.BeforeDestruction
 0001:00026458       TComponent.ChangeName
 0001:00025B58       TComponent.Create
 0001:00026074       TComponent.DefineProperties
 0001:00025BB4       TComponent.Destroy
 0001:00025EB0       TComponent.DestroyComponents
 0001:00025F20       TComponent.Destroying
 0001:0002663C       TComponent.ExecuteAction
 0001:00026334       TComponent.FindComponent
 0001:00025C74       TComponent.FreeNotification
 0001:00026144       TComponent.GetChildOwner
 0001:0002615C       TComponent.GetChildParent
 0001:00026130       TComponent.GetChildren
 0001:00026478       TComponent.GetComponent
 0001:000264B8       TComponent.GetComponentCount
 0001:00026174       TComponent.GetNamePath
 0001:00026194       TComponent.GetOwner
 0001:000261C4       TComponent.GetParentComponent
 0001:0002611C       TComponent.HasParent
 0001:00025D6C       TComponent.Insert
 0001:00025DF8       TComponent.InsertComponent
 0001:000267B4       TComponent.IntfGetComponent
 0001:00026214       TComponent.Loaded
 0001:00025FEC       TComponent.Notification
[...]
  6393 0001:00067EF7  6397 0001:00067F11  6398 0001:00067F19  6402 0001:00067F33
  6404 0001:00067F3C  6405 0001:00067F44  6407 0001:00067F50  6408 0001:00067F5E
  6410 0001:00067F69  6413 0001:00067F75  6414 0001:00067F7C  6415 0001:00067F88
  6416 0001:00067F9C  6419 0001:00067FA9  6420 0001:00067FD9  6422 0001:00067FF5
  6424 0001:00068017  6426 0001:00068027  6427 0001:0006803F  6429 0001:0006804B
  6430 0001:00068053  6431 0001:0006806A  6432 0001:00068074  6437 0001:00068090
  6438 0001:0006809B  6442 0001:000680AB  6444 0001:000680B8  6446 0001:000680D9
  6448 0001:000680FB  6449 0001:00068108  6450 0001:00068111  6453 0001:0006814D
  6454 0001:00068154  6455 0001:0006815C  6456 0001:0006816A  6457 0001:00068184
  6458 0001:0006818D  6459 0001:00068194  6462 0001:000681A3  6464 0001:000681CB
  6466 0001:000681F3  6468 0001:00068218  6469 0001:00068222  6472 0001:0006823A
  6474 0001:00068254  6475 0001:0006825D  6476 0001:00068275  6478 0001:0006828A
  6479 0001:00068293  6481 0001:000682A4  6484 0001:000682B5  6485 0001:000682C7
  6486 0001:000682D2  6490 0001:000682DB  6491 0001:000682E5  6494 0001:000682EE
  6496 0001:000682F5  6499 0001:0006830B  6501 0001:0006831B  6504 0001:00068350
  6505 0001:00068359  6506 0001:0006836A  6507 0001:00068382  6510 0001:00068388
  6511 0001:00068390  6513 0001:000683A4  6514 0001:000683AC  6515 0001:000683B8
  6519 0001:000683EB  6520 0001:00068425  6522 0001:0006843F  6523 0001:0006844F
  6525 0001:0006846E  6528 0001:00068474  6529 0001:0006847C  6531 0001:00068490
  6532 0001:0006849C  6534 0001:000684CF  6535 0001:000684E9  6536 0001:000684F9
  6538 0001:00068533  6541 0001:00068557  6542 0001:00068564  6544 0001:0006856F
  6545 0001:00068577  6546 0001:00068582  6547 0001:00068595  6549 0001:000685B4
  6554 0001:000685B8  6555 0001:000685C1  6557 0001:000685CA  6558 0001:000685D9
  6560 0001:00068604  6562 0001:0006860D  6567 0001:00068614  6568 0001:00068623
  6569 0001:0006862F  6571 0001:00068659  6572 0001:0006866A  6617 0001:00068670
  6618 0001:0006867C  6619 0001:00068680  6620 0001:0006868C  6621 0001:000686AB
  6624 0001:000686B0  6625 0001:000686BC  6626 0001:000686C0  6628 0001:000686E3
  6629 0001:00068705  6634 0001:0006870C  6635 0001:00068718  6637 0001:0006871C
  6639 0001:0006873C  6640 0001:00068744  6642 0001:0006874E  6643 0001:00068756
  6644 0001:00068770  6651 0001:00068780  6650 0001:0006878C  6652 0001:0006879E
  6654 0001:000687AC  6655 0001:000687D3  6657 0001:000687D9  6659 0001:000687EC
  6660 0001:00068813  6663 0001:0006881A  6666 0001:00068820  6667 0001:0006882C
  6668 0001:00068830  6669 0001:00068854  6670 0001:0006885F  6673 0001:00068864
  6674 0001:00068872  6675 0001:00068876  6676 0001:00068898  6678 0001:000688DE
  6683 0001:000688E4  6684 0001:000688F1  6685 0001:000688F5  6687 0001:0006890E
  6688 0001:00068912  6690 0001:0006891B  6691 0001:0006891F  6692 0001:00068941
  6695 0001:00068983  6696 0001:0006898C  6700 0001:00068997  6702 0001:000689A4
  6714 0001:000689AC  6715 0001:000689B5  6716 0001:000689CF  6721 0001:000689D4
  6722 0001:000689DD  6724 0001:000689E9  6725 0001:000689F2  6728 0001:00068A0B
  6729 0001:00068A19  6730 0001:00068A26  6731 0001:00068A34  6733 0001:00068A45
  6739 0001:00068A4C  6740 0001:00068A55  6742 0001:00068A61  6743 0001:00068A6E
  6745 0001:00068A87  6747 0001:00068AA3  6748 0001:00068AB7  6751 0001:00068ACC
  6752 0001:00068AD9  6753 0001:00068AEA  6755 0001:00068AEC  6745 0001:00068AEF
  6756 0001:00068AF4  6759 0001:00068AFC  6760 0001:00068B04  6761 0001:00068B18
  6766 0001:00068B1C  6767 0001:00068B2E  6768 0001:00068B37  6769 0001:00068B3F
  6770 0001:00068B4D  6772 0001:00068B6A  6773 0001:00068B71  6775 0001:00068B7B
  6777 0001:00068B96  6778 0001:00068B9E  6780 0001:00068BA7  6783 0001:00068BB0
  6784 0001:00068BBA  6785 0001:00068BC4  6786 0001:00068BD2  6787 0001:00068BDC
  6789 0001:00068BE9  6790 0001:00068BFA  6791 0001:00068C09  6793 0001:00068C16
  6794 0001:00068C1F  6795 0001:00068C2E  6796 0001:00068C38  6798 0001:00068C45
  6799 0001:00068C53  6801 0001:00068C6A  6803 0001:00068C7A  6806 0001:00068C93
  6808 0001:00068CA5  6811 0001:00068CAC  6812 0001:00068CB3  6813 0001:00068CC3
  6816 0001:00068CC8  6817 0001:00068CD5  6818 0001:00068CEF  6820 0001:00068D03
  6821 0001:00068D17  6822 0001:00068D24  6824 0001:00068D3F  6826 0001:00068D50
  6827 0001:00068D61  6837 0001:00068D68  6838 0001:00068D77  6839 0001:00068D7F
  6840 0001:00068D91  6841 0001:00068DA6  6843 0001:00068DAE  6844 0001:00068DB5
  6845 0001:00068DC6  6846 0001:00068DD6  6851 0001:00068E0C  6852 0001:00068E16
  6853 0001:00068E1E  6854 0001:00068E31  6855 0001:00068E3F  6857 0001:00068E67
  6858 0001:00068E6F  6862 0001:00068EA5  6863 0001:00068EAD  6864 0001:00068EB6
  6866 0001:00068EC9  6871 0001:00068ED0  6872 0001:00068EF8  6873 0001:00068F06
  6874 0001:00068F40  6875 0001:00068F97  6882 0001:00068FAC  6883 0001:00068FBD
  6884 0001:00068FC1  6885 0001:00068FC5  6888 0001:00068FD0  6889 0001:00068FE3
  6890 0001:00069002  6891 0001:0006900F  6893 0001:0006902C  6894 0001:00069036
  6896 0001:00069054  6897 0001:0006905F  6898 0001:0006906F  6901 0001:00069094
  6903 0001:0006909D  6904 0001:000690A6  6905 0001:000690BD  6907 0001:000690EB
  6908 0001:000690F7  6909 0001:00069114  6912 0001:0006911C  6913 0001:0006913C
  6914 0001:00069140  6915 0001:0006914C  6916 0001:0006916A  6917 0001:0006918E
  6920 0001:00069194  6921 0001:000691B4  6922 0001:000691B8  6923 0001:000691C4
  6924 0001:000691E2  6925 0001:00069206  6928 0001:0006920C  6929 0001:0006921B
  6930 0001:00069230  6946 0001:00069234  6947 0001:00069240  6949 0001:0006924E
  6950 0001:0006925A  6952 0001:00069266  6953 0001:0006927C  6956 0001:00069292
  6957 0001:000692A0  6960 0001:000692AB  6975 0001:000692B0  6976 0001:000692B9
  6977 0001:000692D3  6978 0001:000692E3  6980 0001:00069313  6976 0001:00069321
  6981 0001:00069326  6987 0001:0006932C  6988 0001:00069335  6989 0001:0006933E
  6990 0001:0006934B  6991 0001:0006935A  6992 0001:0006935F  6993 0001:00069367
  6995 0001:00069372  6997 0001:00069392  6998 0001:000693A6  6999 0001:000693AF
  7001 0001:000693CF  7003 0001:000693E6  7009 0001:000693EC  7010 0001:00069411
  7011 0001:0006941C  7012 0001:00069431  7013 0001:00069439  7014 0001:0006945C
  7015 0001:00069460  7016 0001:0006946E  7017 0001:00069490  7019 0001:000694AD
  7021 0001:000694BD  7022 0001:000694D5  7023 0001:000694D9  7024 0001:00069506
  7029 0001:00069510  7030 0001:0006951D  7031 0001:00069559  7034 0001:00069560
  7035 0001:0006956C  7037 0001:00069576  7038 0001:00069592  7041 0001:000695AB
  7042 0001:000695CB  7043 0001:000695D7  7046 0001:000695DC  7047 0001:000695EA
  7049 0001:000695FE  7050 0001:0006960C  7051 0001:00069619  7054 0001:0006962D
  7056 0001:0006963F  7057 0001:0006964A  7058 0001:00069658  7060 0001:00069671
  7064 0001:00069681  7076 0001:00069688  7078 0001:0006968F  7080 0001:000696B6
  7081 0001:000696DD  7083 0001:000696E5  7088 0001:000696E8  7089 0001:000696F1
  7091 0001:000696FE  7093 0001:00069718  7094 0001:00069728  7097 0001:00069765
  7098 0001:0006976E  7100 0001:00069770  7091 0001:00069773  7101 0001:00069778
  7103 0001:00069781  7106 0001:00069788  7107 0001:00069791  7108 0001:00069795
  7109 0001:0006979E  7111 0001:000697AE  7112 0001:000697BE  7117 0001:000697C4
  7118 0001:000697D3  7119 0001:000697DB  7120 0001:000697F7  7121 0001:00069803
  7122 0001:00069818  7125 0001:0006981C  7126 0001:00069823  7128 0001:00069830
  7129 0001:00069842  7131 0001:0006984E  7139 0001:00069854  7140 0001:00069863
  7141 0001:00069891  7142 0001:000698A3  7145 0001:000698B0  7148 0001:000698F1
  7149 0001:000698FA  7150 0001:00069900  7151 0001:0006990E  7152 0001:00069917
  7154 0001:0006992D  7156 0001:00069939  7157 0001:00069942  7158 0001:0006994B
  7159 0001:00069954  7163 0001:00069961  7164 0001:00069969  7165 0001:00069972
  7166 0001:0006997B  7170 0001:00069988  7175 0001:0006998C  7176 0001:00069995
  7177 0001:0006999D  7179 0001:000699AC  7182 0001:000699B6  7183 0001:000699BF
  7186 0001:000699CA  7189 0001:000699D0  7190 0001:000699D7  7192 0001:00069A0D
  7193 0001:00069A23  7196 0001:00069A28  7197 0001:00069A2F  7199 0001:00069A38
  7200 0001:00069A40  7201 0001:00069A48  7202 0001:00069A4F  7203 0001:00069A54
  7205 0001:00069A5C  7227 0001:00069A60  7228 0001:00069A63  7229 0001:00069A64
  7230 0001:00069A66  7231 0001:00069A68  7232 0001:00069A6A  7233 0001:00069A6B
  7234 0001:00069A6D  7235 0001:00069A6F  7236 0001:00069A71  7238 0001:00069A74
  7240 0001:00069A7A  7241 0001:00069A88  7242 0001:00069A9F  7243 0001:00069AAD
  7244 0001:00069ABB  7245 0001:00069AC9  7246 0001:00069AD7  7247 0001:00069AE0
  7251 0001:00069B07  7253 0001:00069B0D  7254 0001:00069B2F  7255 0001:00069B3B
  7258 0001:00069B47  7261 0001:00069B5C  7262 0001:00069B74  7264 0001:00069B89
  7266 0001:00069B93  7269 0001:00069BA6  7272 0001:00069BC9  7273 0001:00069BD8
  7275 0001:00069BF2  7278 0001:00069BF8  7279 0001:00069BFF  7280 0001:00069C0D
  7282 0001:00069C32  7283 0001:00069C43  7285 0001:00069C5D  7292 0001:00069C60
  7293 0001:00069C7C  7294 0001:00069C81  7295 0001:00069C87  7298 0001:00069C8F
  7299 0001:00069C97  7300 0001:00069CAB  7301 0001:00069CBC  7302 0001:00069CD9
  7303 0001:00069CE1  7304 0001:00069CE7  7305 0001:00069CF2  7296 0001:00069CFD
  7307 0001:00069D25  7309 0001:00069D2C  7310 0001:00069D6C  7311 0001:00069D73
  7314 0001:00069DB8  7315 0001:00069DC1  7316 0001:00069DCD  7317 0001:00069DD7
  7318 0001:00069DE4  7319 0001:00069DED  7320 0001:00069E0B  7321 0001:00069E19
  7322 0001:00069E1E  7323 0001:00069E23  7324 0001:00069E2F  7325 0001:00069E42
  7327 0001:00069E66  7328 0001:00069E7C  7330 0001:00069E93  7331 0001:00069EB9
  7332 0001:00069EE9  7333 0001:00069EEE  7334 0001:00069EF7  7335 0001:00069EFF
  7336 0001:00069F04  7337 0001:00069F20  7338 0001:00069F33  7339 0001:00069F4C
  7340 0001:00069F67  7342 0001:00069F7E  7345 0001:00069F88  7347 0001:00069F9F
  7349 0001:00069FBE  7350 0001:00069FCF  7353 0001:00069FE5  7354 0001:00069FF5
  7355 0001:00069FFB  7361 0001:0006A001  7362 0001:0006A02A  7365 0001:0006A053
  7366 0001:0006A064  7367 0001:0006A07F  7368 0001:0006A084  7369 0001:0006A08A
  7370 0001:0006A099  7371 0001:0006A0A6  7374 0001:0006A0A8  7375 0001:0006A0AE
  7376 0001:0006A0BD  7377 0001:0006A0F8  7382 0001:0006A100  7383 0001:0006A10C
  7384 0001:0006A117  7385 0001:0006A129  7387 0001:0006A13C  7388 0001:0006A14A
  7408 0001:0006A150  7409 0001:0006A15F  7410 0001:0006A16A  7414 0001:0006A1B8
  7416 0001:0006A1E2  7417 0001:0006A1F8  7420 0001:0006A1FC  7421 0001:0006A209
  7422 0001:0006A20D  7423 0001:0006A232  7426 0001:0006A238  7427 0001:0006A245
  7428 0001:0006A249  7429 0001:0006A26E  7436 0001:0006A274  7437 0001:0006A278
  7438 0001:0006A285  7439 0001:0006A28B  7440 0001:0006A29E  7443 0001:0006A2CC
  7444 0001:0006A2D8  7445 0001:0006A2EA  7448 0001:0006A2F0  7449 0001:0006A2F7
  7450 0001:0006A308  7453 0001:0006A30C  7454 0001:0006A313  7455 0001:0006A31F
  7463 0001:0006A334  7464 0001:0006A35B  7465 0001:0006A36F  7467 0001:0006A38E
  7457 0001:0006A390  7458 0001:0006A3A3  7459 0001:0006A3A8  7460 0001:0006A3B7
  7462 0001:0006A3C1

Line numbers for machineunit(machineunit.pas) segment .text

    62 0001:0006A42C    63 0001:0006A438    64 0001:0006A43D    65 0001:0006A445
    66 0001:0006A44D    67 0001:0006A455    68 0001:0006A45D    70 0001:0006A478
    74 0001:0006A47C    75 0001:0006A480    76 0001:0006A483    78 0001:0006A493
    79 0001:0006A49D    83 0001:0006A4A7    84 0001:0006A4B1    87 0001:0006A4BB
    96 0001:0006A4C0    97 0001:0006A4EF   124 0001:0006A4F8   125 0001:0006A509
   126 0001:0006A52E   127 0001:0006A55D   128 0001:0006A57F   142 0001:0006A585
   144 0001:0006A58E   145 0001:0006A59F   146 0001:0006A5C4   147 0001:0006A5F3
   148 0001:0006A615   151 0001:0006A61B   153 0001:0006A624   154 0001:0006A635
   155 0001:0006A65A   156 0001:0006A689   157 0001:0006A6AB   160 0001:0006A6B1
   162 0001:0006A6BA   163 0001:0006A6CB   164 0001:0006A6F0   165 0001:0006A71F
   166 0001:0006A741   171 0001:0006A769   176 0001:0006A774   204 0001:0006A794
   210 0001:0006A7FD   211 0001:0006A807   212 0001:0006A811   213 0001:0006A81B
   214 0001:0006A825   215 0001:0006A82F   223 0001:0006A8DC   224 0001:0006A908
   229 0001:0006A9C4   248 0001:0006A9E8   264 0001:0006ABB3   265 0001:0006AD6C
   265 0001:0006AD73

Line numbers for bevunit(bevunit.pas) segment .text

   146 0001:0006AEE4   147 0001:0006AEF0   148 0001:0006AEFC   149 0001:0006AF04
   150 0001:0006AF10   151 0001:0006AF1C   154 0001:0006AF28   155 0001:0006AF47
   160 0001:0006AF48   168 0001:0006AF4F   169 0001:0006AF5E   170 0001:0006AF6A
   175 0001:0006AF74   190 0001:0006AF99   191 0001:0006AFA9   192 0001:0006AFB9
   194 0001:0006AFBF   196 0001:0006AFCF   197 0001:0006AFDF   198 0001:0006AFEF
   204 0001:0006B0BC   211 0001:0006B138   229 0001:0006B166   230 0001:0006B173
   231 0001:0006B180   232 0001:0006B18D   233 0001:0006B19A   234 0001:0006B1A7
   240 0001:0006B252   241 0001:0006B25C   242 0001:0006B266   243 0001:0006B270
   244 0001:0006B27A   245 0001:0006B2A6   250 0001:0006B324   268 0001:0006B32D
   270 0001:0006B333   276 0001:0006B395   279 0001:0006B3E2   285 0001:0006B40C
   313 0001:0006B43B   314 0001:0006B449   317 0001:0006B4A9   318 0001:0006B4D5
   319 0001:0006B4EB   320 0001:0006B4F9   321 0001:0006B50E   332 0001:0006B521
   333 0001:0006B523   334 0001:0006B534   338 0001:0006B56E   339 0001:0006B578
   340 0001:0006B57C   341 0001:0006B586   342 0001:0006B590   343 0001:0006B59A
   345 0001:0006B5A4   348 0001:0006B5EA   351 0001:0006B601   353 0001:0006B633
   362 0001:0006B6F8   363 0001:0006B704   364 0001:0006B710   365 0001:0006B718
   366 0001:0006B724   367 0001:0006B730   370 0001:0006B73C   371 0001:0006B75B
   376 0001:0006B75C   377 0001:0006B764   378 0001:0006B770   379 0001:0006B77C
   384 0001:0006B784   385 0001:0006B7A9   386 0001:0006B7B9   387 0001:0006B7C9
   389 0001:0006B7CF   391 0001:0006B7DF   392 0001:0006B7EF   393 0001:0006B7FF
   399 0001:0006B8CC   406 0001:0006B948   407 0001:0006B976   408 0001:0006B983
   409 0001:0006B990   410 0001:0006B99D   411 0001:0006B9AA   412 0001:0006B9B7
   418 0001:0006BA62   419 0001:0006BA6C   420 0001:0006BA76   421 0001:0006BA80
   422 0001:0006BA8A   423 0001:0006BAB6   428 0001:0006BB34   429 0001:0006BB3D
   431 0001:0006BB43   437 0001:0006BBA5   440 0001:0006BBF2   445 0001:0006BC1C
   446 0001:0006BC4B   447 0001:0006BC59   451 0001:0006BCB9   452 0001:0006BCE5
   453 0001:0006BCFB   454 0001:0006BD09   455 0001:0006BD1E   456 0001:0006BD31
   457 0001:0006BD33   458 0001:0006BD44   462 0001:0006BD7E   463 0001:0006BD88
   464 0001:0006BD8C   465 0001:0006BD96   466 0001:0006BDA0   467 0001:0006BDAA
   469 0001:0006BDB4   472 0001:0006BDFA   475 0001:0006BE11   477 0001:0006BE43
   483 0001:0006BF08   484 0001:0006BF14   485 0001:0006BF1C   486 0001:0006BF28
   487 0001:0006BF34   488 0001:0006BF40   491 0001:0006BF4C   492 0001:0006BF6B
   497 0001:0006BF6C   498 0001:0006BF73   499 0001:0006BF82   500 0001:0006BF91
   505 0001:0006BFA0   506 0001:0006BFC5   507 0001:0006BFD5   508 0001:0006BFE5
   510 0001:0006BFEB   512 0001:0006BFFB   513 0001:0006C00B   514 0001:0006C01B
   520 0001:0006C0E8   527 0001:0006C164   528 0001:0006C192   529 0001:0006C19F
   530 0001:0006C1AC   531 0001:0006C1B9   532 0001:0006C1C6   533 0001:0006C1D3
   539 0001:0006C27E   540 0001:0006C288   541 0001:0006C292   542 0001:0006C29C
   543 0001:0006C2A6   544 0001:0006C2D2   549 0001:0006C350   550 0001:0006C359
   552 0001:0006C35F   558 0001:0006C3C1   561 0001:0006C40E   566 0001:0006C438
   567 0001:0006C467   568 0001:0006C475   572 0001:0006C4D5   573 0001:0006C501
   574 0001:0006C517   575 0001:0006C525   576 0001:0006C53A   577 0001:0006C54D
   578 0001:0006C54F   579 0001:0006C560   583 0001:0006C59A   584 0001:0006C5A4
   585 0001:0006C5A8   586 0001:0006C5B2   587 0001:0006C5BC   588 0001:0006C5C6
   590 0001:0006C5D0   593 0001:0006C616   596 0001:0006C62D   598 0001:0006C65F
   604 0001:0006C724   605 0001:0006C730   606 0001:0006C738   607 0001:0006C744
   608 0001:0006C750   609 0001:0006C75C   612 0001:0006C768   613 0001:0006C787
   618 0001:0006C788   619 0001:0006C790   620 0001:0006C79D   621 0001:0006C7AC
   626 0001:0006C7B8   627 0001:0006C7DD   628 0001:0006C7ED   629 0001:0006C7FD
   631 0001:0006C803   633 0001:0006C813   634 0001:0006C823   635 0001:0006C833
   641 0001:0006C900   648 0001:0006C97C   649 0001:0006C9AA   650 0001:0006C9B7
   651 0001:0006C9C4   652 0001:0006C9D1   653 0001:0006C9DE   654 0001:0006C9EB
   660 0001:0006CA96   661 0001:0006CAA0   662 0001:0006CAAA   663 0001:0006CAB4
   664 0001:0006CABE   665 0001:0006CAEA   670 0001:0006CB68   671 0001:0006CB71
   673 0001:0006CB77   679 0001:0006CBD9   682 0001:0006CC26   687 0001:0006CC50
   688 0001:0006CC7F   689 0001:0006CC8D   693 0001:0006CCED   694 0001:0006CD19
   695 0001:0006CD2F   696 0001:0006CD3D   697 0001:0006CD52   698 0001:0006CD65
   699 0001:0006CD67   700 0001:0006CD78   704 0001:0006CDB2   705 0001:0006CDBC
   706 0001:0006CDC0   707 0001:0006CDCA   708 0001:0006CDD4   709 0001:0006CDDE
   711 0001:0006CDE8   714 0001:0006CE2E   717 0001:0006CE45   719 0001:0006CE77
   721 0001:0006CF68   721 0001:0006CF6F

Line numbers for inventoryunit(inventoryunit.pas) segment .text

    69 0001:0006D248    70 0001:0006D254    71 0001:0006D260    72 0001:0006D26C
    73 0001:0006D278    74 0001:0006D284    75 0001:0006D2A3    78 0001:0006D2A4
    79 0001:0006D2BA    80 0001:0006D2F4    83 0001:0006D2F8    84 0001:0006D30E
    85 0001:0006D348    88 0001:0006D34C    89 0001:0006D362    90 0001:0006D39C
    93 0001:0006D3A0    94 0001:0006D3B6    95 0001:0006D3F0    98 0001:0006D3F4
    99 0001:0006D40A   100 0001:0006D444   105 0001:0006D448   106 0001:0006D45E
   107 0001:0006D460   109 0001:0006D4B5   111 0001:0006D4C1   112 0001:0006D4C6
   113 0001:0006D517   114 0001:0006D527   115 0001:0006D537   116 0001:0006D547
   117 0001:0006D557   118 0001:0006D567   119 0001:0006D58E   121 0001:0006D5EC
   121 0001:0006D5F3

Line numbers for vendmainunit(vendmainunit.pas) segment .text

    55 0001:0006D8C4    56 0001:0006D8D5    57 0001:0006D8E9    60 0001:0006D8EC
    61 0001:0006D902    62 0001:0006D93C    65 0001:0006D940    66 0001:0006D943
    67 0001:0006D955    69 0001:0006D961    70 0001:0006D968    73 0001:0006D96C
    74 0001:0006D982    75 0001:0006D9BC    80 0001:0006D9C0    81 0001:0006D9D7
    82 0001:0006D9D9    84 0001:0006D9EB    87 0001:0006D9F7    89 0001:0006DA00
    92 0001:0006DA0C    93 0001:0006DA10    95 0001:0006DA19    96 0001:0006DA21
    98 0001:0006DA4B   100 0001:0006DA54   101 0001:0006DA5C   103 0001:0006DA86
   105 0001:0006DA8F   106 0001:0006DA97   108 0001:0006DAC1   110 0001:0006DACA
   111 0001:0006DAD2   113 0001:0006DB1E   116 0001:0006DB5C   117 0001:0006DB75
   123 0001:0006DC43   124 0001:0006DC71   128 0001:0006DCF0   129 0001:0006DD02
   133 0001:0006DD04   134 0001:0006DD0E   135 0001:0006DD1A   136 0001:0006DD26
   138 0001:0006DD58   138 0001:0006DD5F

Line numbers for vendingmachine(C:\Users\Novatech113\Desktop\VendingMachine\vendingmachine.dpr) segment .text

    10 0001:0006DF10    11 0001:0006DF20    12 0001:0006DF2C    13 0001:0006DF44
    14 0001:0006DF5C    15 0001:0006DF68

Bound resource files

d:\sw\borland\delphi6\Lib\CONTROLS.RES
inventoryunit.dfm
vendmainunit.dfm
vendingmachine.drf


Program entry point at 0001:0006DF10
